###############################################################################
#                                                                             #
# IAR ELF Linker V5.50.0.51878/W32 for ARM              13/Jul/2011  04:02:03 #
# Copyright (C) 2007-2010 IAR Systems AB.                                     #
#                                                                             #
#    Output file  =  C:\Users\V\Desktop\G_proj\1768\Flash                     #
#                    Debug\Exe\GettingStarted.out.tmp                         #
#    Map file     =  C:\Users\V\Desktop\G_proj\1768\Flash                     #
#                    Debug\List\GettingStarted.map                            #
#    Command line =  "C:\Users\V\Desktop\G_proj\1768\Flash                    #
#                    Debug\Obj\LPC_Uart.o" "C:\Users\V\Desktop\G_proj\1768\Fl #
#                    ash Debug\Obj\adc_fsm.o" "C:\Users\V\Desktop\G_proj\1768 #
#                    \Flash Debug\Obj\ai_test.o"                              #
#                    "C:\Users\V\Desktop\G_proj\1768\Flash                    #
#                    Debug\Obj\ao_test.o" "C:\Users\V\Desktop\G_proj\1768\Fla #
#                    sh Debug\Obj\bmps.o" "C:\Users\V\Desktop\G_proj\1768\Fla #
#                    sh Debug\Obj\board.o" "C:\Users\V\Desktop\G_proj\1768\Fl #
#                    ash Debug\Obj\buttons.o" "C:\Users\V\Desktop\G_proj\1768 #
#                    \Flash Debug\Obj\checkbox.o"                             #
#                    "C:\Users\V\Desktop\G_proj\1768\Flash                    #
#                    Debug\Obj\cstartup_M.o" "C:\Users\V\Desktop\G_proj\1768\ #
#                    Flash Debug\Obj\dict.o" "C:\Users\V\Desktop\G_proj\1768\ #
#                    Flash Debug\Obj\disconnect.o"                            #
#                    "C:\Users\V\Desktop\G_proj\1768\Flash                    #
#                    Debug\Obj\do_test.o" "C:\Users\V\Desktop\G_proj\1768\Fla #
#                    sh Debug\Obj\editor_scr.o" "C:\Users\V\Desktop\G_proj\17 #
#                    68\Flash Debug\Obj\ethernet_scr.o"                       #
#                    "C:\Users\V\Desktop\G_proj\1768\Flash Debug\Obj\font.o"  #
#                    "C:\Users\V\Desktop\G_proj\1768\Flash Debug\Obj\irq.o"   #
#                    "C:\Users\V\Desktop\G_proj\1768\Flash Debug\Obj\keyb.o"  #
#                    "C:\Users\V\Desktop\G_proj\1768\Flash Debug\Obj\lcd.o"   #
#                    "C:\Users\V\Desktop\G_proj\1768\Flash                    #
#                    Debug\Obj\lcd_control.o" "C:\Users\V\Desktop\G_proj\1768 #
#                    \Flash Debug\Obj\lcd_low_level.o"                        #
#                    "C:\Users\V\Desktop\G_proj\1768\Flash                    #
#                    Debug\Obj\led_control.o" "C:\Users\V\Desktop\G_proj\1768 #
#                    \Flash Debug\Obj\lut_scr.o"                              #
#                    "C:\Users\V\Desktop\G_proj\1768\Flash Debug\Obj\main.o"  #
#                    "C:\Users\V\Desktop\G_proj\1768\Flash                    #
#                    Debug\Obj\main_scr.o" "C:\Users\V\Desktop\G_proj\1768\Fl #
#                    ash Debug\Obj\menu_scr.o" "C:\Users\V\Desktop\G_proj\176 #
#                    8\Flash Debug\Obj\messages.o"                            #
#                    "C:\Users\V\Desktop\G_proj\1768\Flash                    #
#                    Debug\Obj\misc_scr.o" "C:\Users\V\Desktop\G_proj\1768\Fl #
#                    ash Debug\Obj\modbus.o" "C:\Users\V\Desktop\G_proj\1768\ #
#                    Flash Debug\Obj\msg_scr.o" "C:\Users\V\Desktop\G_proj\17 #
#                    68\Flash Debug\Obj\param_scr.o"                          #
#                    "C:\Users\V\Desktop\G_proj\1768\Flash                    #
#                    Debug\Obj\pass_controller.o"                             #
#                    "C:\Users\V\Desktop\G_proj\1768\Flash                    #
#                    Debug\Obj\pass_scr.o" "C:\Users\V\Desktop\G_proj\1768\Fl #
#                    ash Debug\Obj\power_control.o"                           #
#                    "C:\Users\V\Desktop\G_proj\1768\Flash                    #
#                    Debug\Obj\processing.o" "C:\Users\V\Desktop\G_proj\1768\ #
#                    Flash Debug\Obj\pwm_test.o"                              #
#                    "C:\Users\V\Desktop\G_proj\1768\Flash                    #
#                    Debug\Obj\relay_control.o" "C:\Users\V\Desktop\G_proj\17 #
#                    68\Flash Debug\Obj\rs232_scr.o"                          #
#                    "C:\Users\V\Desktop\G_proj\1768\Flash                    #
#                    Debug\Obj\rs485_scr.o" "C:\Users\V\Desktop\G_proj\1768\F #
#                    lash Debug\Obj\screens.o" "C:\Users\V\Desktop\G_proj\176 #
#                    8\Flash Debug\Obj\timers.o"                              #
#                    "C:\Users\V\Desktop\G_proj\1768\Flash                    #
#                    Debug\Obj\trend_scr.o" "C:\Users\V\Desktop\G_proj\1768\F #
#                    lash Debug\Obj\usbase.o" "C:\Users\V\Desktop\G_proj\1768 #
#                    \Flash Debug\Obj\variables.o" --redirect                 #
#                    _Scanf=_ScanfSmall -o "C:\Users\V\Desktop\G_proj\1768\Fl #
#                    ash Debug\Exe\GettingStarted.out.tmp" --map              #
#                    "C:\Users\V\Desktop\G_proj\1768\Flash                    #
#                    Debug\List\GettingStarted.map" --config                  #
#                    C:\Users\V\Desktop\G_proj\1768\config\LPC1768_Flash.icf  #
#                    --semihosting --entry __iar_program_start                #
#                                                                             #
#                                                                             #
###############################################################################

*******************************************************************************
*** PLACEMENT SUMMARY
***

"A1":  place at 0x00000000 { ro section .intvec };
"P1":  place in [from 0x00000100 to 0x0007ffff] { ro };
"P2":  place in [from 0x10000000 to 0x10007fff] {
          rw, block CSTACK, block HEAP };

  Section            Kind        Address     Size  Object
  -------            ----        -------     ----  ------
"A1":                                        0xc4
  .intvec            ro code  0x00000000     0xc4  cstartup_M.o [1]
                            - 0x000000c4     0xc4

"P1":                                     0x131e4
  .rodata            const    0x00000100   0x2e1c  variables.o [1]
  .text              ro code  0x00002f1c   0x16ac  main.o [1]
  .text              ro code  0x000045c8   0x1148  usbase.o [1]
  .text              ro code  0x00005710    0xcc2  xprintffull.o [3]
  .text              ro code  0x000063d4    0xbbc  processing.o [1]
  .text              ro code  0x00006f90    0xb88  board.o [1]
  .text              ro code  0x00007b18    0x788  lcd.o [1]
  .text              ro code  0x000082a0    0x778  main_scr.o [1]
  .rodata            const    0x00008a18    0x6e0  screens.o [1]
  .text              ro code  0x000090f8    0x4a8  variables.o [1]
  .text              ro code  0x000095a0    0x426  misc_scr.o [1]
  .text              ro code  0x000099c8    0x418  keyb.o [1]
  .text              ro code  0x00009de0    0x3d6  trend_scr.o [1]
  .rodata            const    0x0000a1b8    0x37c  font.o [1]
  .text              ro code  0x0000a534    0x374  lut_scr.o [1]
  .text              ro code  0x0000a8a8    0x368  ai_test.o [1]
  .text              ro code  0x0000ac10    0x358  modbus.o [1]
  .text              ro code  0x0000af68    0x350  adc_fsm.o [1]
  .text              ro code  0x0000b2b8    0x350  pwm_test.o [1]
  .text              ro code  0x0000b608    0x348  LPC_Uart.o [1]
  .text              ro code  0x0000b950    0x348  rs485_scr.o [1]
  .text              ro code  0x0000bc98    0x334  editor_scr.o [1]
  .text              ro code  0x0000bfcc    0x32c  do_test.o [1]
  .rodata            const    0x0000c2f8    0x30c  menu_scr.o [1]
  .text              ro code  0x0000c604    0x304  ao_test.o [1]
  .text              ro code  0x0000c908    0x300  param_scr.o [1]
  .text              ro code  0x0000cc08    0x2d0  rs232_scr.o [1]
  .text              ro code  0x0000ced8    0x2b0  ethernet_scr.o [1]
  .text              ro code  0x0000d188    0x246  DblDiv.o [4]
  .text              ro code  0x0000d3d0    0x240  disconnect.o [1]
  .text              ro code  0x0000d610    0x23c  menu_scr.o [1]
  .text              ro code  0x0000d84c    0x224  pass_scr.o [1]
  .text              ro code  0x0000da70    0x1f6  string.o [3]
  .text              ro code  0x0000dc68    0x1ec  timers.o [1]
  .text              ro code  0x0000de54    0x1b0  xstoflt.o [3]
  .text              ro code  0x0000e004    0x1a2  DblMul.o [4]
  .text              ro code  0x0000e1a8    0x19c  msg_scr.o [1]
  .text              ro code  0x0000e344    0x17e  DblSub.o [4]
  .text              ro code  0x0000e4c2    0x16c  lcd_low_level.o [1]
  .text              ro code  0x0000e630    0x160  xfexp.o [3]
  .text              ro code  0x0000e790    0x160  xdtento.o [3]
  .rodata            const    0x0000e8f0    0x150  font.o [1]
  .text              ro code  0x0000ea40    0x12e  I64DivMod.o [4]
  .text              ro code  0x0000eb70    0x128  led_control.o [1]
  .text              ro code  0x0000ec98    0x118  xstoul.o [3]
  .text              ro code  0x0000edb0    0x108  xdscale.o [3]
  .rodata            const    0x0000eeb8    0x100  modbus.o [1]
  .rodata            const    0x0000efb8    0x100  modbus.o [1]
  .text              ro code  0x0000f0b8     0xfc  FltDiv.o [4]
  .text              ro code  0x0000f1b4     0xf6  xstopfx.o [3]
  .text              ro code  0x0000f2ac     0xe6  DblAdd.o [4]
  .text              ro code  0x0000f394     0xe4  FltSub.o [4]
  .text              ro code  0x0000f478     0xd8  FltMul.o [4]
  .text              ro code  0x0000f550     0xc6  xdnorm.o [3]
  .text              ro code  0x0000f618     0xc4  pass_controller.o [1]
  .text              ro code  0x0000f6dc     0xc0  lcd_control.o [1]
  .text              ro code  0x0000f79c     0xc0  xfdscale.o [3]
  .text              ro code  0x0000f85c     0xbc  xstod.o [3]
  .text              ro code  0x0000f918     0xbc  xxmemxmalloc.o [3]
  .text              ro code  0x0000f9d4     0xb8  messages.o [1]
  .text              ro code  0x0000fa8c     0xac  checkbox.o [1]
  .text              ro code  0x0000fb38     0xac  irq.o [1]
  .text              ro code  0x0000fbe4     0x94  font.o [1]
  .text              ro code  0x0000fc78     0x90  DblToFlt.o [4]
  .text              ro code  0x0000fd08     0x8c  FltAdd.o [4]
  .text              ro code  0x0000fd94     0x88  xxmemxfree.o [3]
  .text              ro code  0x0000fe1c     0x88  xsyslock.o [3]
  .text              ro code  0x0000fea4     0x84  font.o [1]
  .text              ro code  0x0000ff28     0x82  xfdnorm.o [3]
  .text              ro code  0x0000ffac     0x78  ABImemmove.o [4]
  .text              ro code  0x00010024     0x78  strtol.o [3]
  .text              ro code  0x0001009c     0x74  xreportassert.o [3]
  .text              ro code  0x00010110     0x70  ABImemcpy.o [4]
  .text              ro code  0x00010180     0x70  cppinit.o [3]
  .text              ro code  0x000101f0     0x6c  power_control.o [1]
  .text              ro code  0x0001025c     0x68  iarttio.o [5]
  .text              ro code  0x000102c4     0x68  expf.o [3]
  .text              ro code  0x0001032c     0x64  adc_fsm.o [1]
  .text              ro code  0x00010390     0x64  xdtento.o [3]
  .text              ro code  0x000103f4     0x5c  ao_test.o [1]
  .rodata            const    0x00010450     0x58  ai_test.o [1]
  .rodata            const    0x000104a8     0x58  ao_test.o [1]
  .rodata            const    0x00010500     0x58  do_test.o [1]
  .rodata            const    0x00010558     0x58  editor_scr.o [1]
  .rodata            const    0x000105b0     0x58  ethernet_scr.o [1]
  .rodata            const    0x00010608     0x58  keyb.o [1]
  .rodata            const    0x00010660     0x58  lut_scr.o [1]
  .rodata            const    0x000106b8     0x58  main_scr.o [1]
  .rodata            const    0x00010710     0x58  menu_scr.o [1]
  .rodata            const    0x00010768     0x58  misc_scr.o [1]
  .rodata            const    0x000107c0     0x58  msg_scr.o [1]
  .rodata            const    0x00010818     0x58  param_scr.o [1]
  .rodata            const    0x00010870     0x58  pass_scr.o [1]
  .rodata            const    0x000108c8     0x58  pwm_test.o [1]
  .rodata            const    0x00010920     0x58  rs232_scr.o [1]
  .rodata            const    0x00010978     0x58  rs485_scr.o [1]
  .rodata            const    0x000109d0     0x58  trend_scr.o [1]
  .rodata            const    0x00010a28     0x58  usbase.o [1]
  .text              ro code  0x00010a80     0x58  editor_scr.o [1]
  .text              ro code  0x00010ad8     0x58  memchr.o [4]
  .text              ro code  0x00010b30     0x56  DblToI32.o [4]
  .rodata            const    0x00010b88     0x50  xstoul.o [3]
  .text              ro code  0x00010bd8     0x50  ai_test.o [1]
  .text              ro code  0x00010c28     0x50  ai_test.o [1]
  .text              ro code  0x00010c78     0x50  ao_test.o [1]
  .text              ro code  0x00010cc8     0x50  usbase.o [1]
  .text              ro code  0x00010d18     0x4e  FltToDbl.o [4]
  .rodata            const    0x00010d68     0x4c  bmps.o [1]
  .text              ro code  0x00010db4     0x4c  lcd.o [1]
  .rodata            const    0x00010e00     0x48  xdtento.o [3]
  .text              ro code  0x00010e48     0x48  do_test.o [1]
  .text              ro code  0x00010e90     0x48  MtxWrapper.o [3]
  .text              ro code  0x00010ed8     0x48  xassert.o [3]
  .text              ro code  0x00010f20     0x46  usbase.o [1]
  .text              ro code  0x00010f66     0x46  usbase.o [1]
  .text              ro code  0x00010fac     0x44  FltToS32.o [4]
  .text              ro code  0x00010ff0     0x44  strcpy.o [4]
  .text              ro code  0x00011034     0x42  usbase.o [1]
  .text              ro code  0x00011076     0x42  usbase.o [1]
  .text              ro code  0x000110b8     0x40  main.o [1]
  .text              ro code  0x000110f8     0x40  usbase.o [1]
  .text              ro code  0x00011138     0x40  usbase.o [1]
  .text              ro code  0x00011178     0x3c  LPC_Uart.o [1]
  .text              ro code  0x000111b4     0x3c  LPC_Uart.o [1]
  .text              ro code  0x000111f0     0x3c  ai_test.o [1]
  .text              ro code  0x0001122c     0x3c  ao_test.o [1]
  .text              ro code  0x00011268     0x38  board.o [1]
  .text              ro code  0x000112a0     0x38  board.o [1]
  .text              ro code  0x000112d8     0x36  strlen.o [4]
  .rodata            const    0x00011310     0x34  bmps.o [1]
  .rodata            const    0x00011344     0x34  irq.o [1]
  .text              ro code  0x00011378     0x34  ai_test.o [1]
  .text              ro code  0x000113ac     0x34  ao_test.o [1]
  .text              ro code  0x000113e0     0x32  editor_scr.o [1]
  .rodata            const    0x00011414     0x30  ethernet_scr.o [1]
  .rodata            const    0x00011444     0x30  xreportassert.o [3]
  .text              ro code  0x00011474     0x30  ai_test.o [1]
  .text              ro code  0x000114a4     0x30  usbase.o [1]
  .text              ro code  0x000114d4     0x30  sprintf.o [3]
  .text              ro code  0x00011504     0x30  I32ToFlt.o [4]
  .text              ro code  0x00011534     0x30  ao_test.o [1]
  .text              ro code  0x00011564     0x30  copy_init3.o [4]
  .text              ro code  0x00011594     0x2e  I32ToDbl.o [4]
  .text              ro code  0x000115c4     0x2e  DblCmpLe.o [4]
  .text              ro code  0x000115f4     0x2e  DblCmpGe.o [4]
  .text              ro code  0x00011622     0x2e  lcd.o [1]
  .rodata            const    0x00011650     0x2c  ai_test.o [1]
  .rodata            const    0x0001167c     0x2c  usbase.o [1]
  .rodata            const    0x000116a8     0x2c  usbase.o [1]
  .rodata            const    0x000116d4     0x2c  usbase.o [1]
  .rodata            const    0x00011700     0x2c  usbase.o [1]
  .rodata            const    0x0001172c     0x2c  usbase.o [1]
  .text              ro code  0x00011758     0x2c  main.o [1]
  .text              ro code  0x00011784     0x2c  data_init3.o [4]
  .text              ro code  0x000117b0     0x2a  ai_test.o [1]
  .rodata            const    0x000117dc     0x28  irq.o [1]
  .text              ro code  0x00011804     0x28  bmps.o [1]
  .text              ro code  0x0001182c     0x28  relay_control.o [1]
  .text              ro code  0x00011854     0x28  usbase.o [1]
  .text              ro code  0x0001187c     0x28  usbase.o [1]
  .text              ro code  0x000118a4     0x28  xgetmemchunk.o [3]
  .text              ro code  0x000118cc     0x28  usbase.o [1]
  .text              ro code  0x000118f4     0x28  putchar.o [3]
  .text              ro code  0x0001191c     0x26  usbase.o [1]
  .text              ro code  0x00011942     0x26  usbase.o [1]
  .rodata            const    0x00011968     0x24  ai_test.o [1]
  .text              ro code  0x0001198c     0x24  main.o [1]
  .text              ro code  0x000119b0     0x24  newop_0.o [3]
  .text              ro code  0x000119d4     0x24  FltCmpLe.o [4]
  .text              ro code  0x000119f8     0x24  FltCmpGe.o [4]
  .text              ro code  0x00011a1c     0x24  processing.o [1]
  .text              ro code  0x00011a40     0x24  zero_init3.o [4]
  .text              ro code  0x00011a64     0x22  usbase.o [1]
  .text              ro code  0x00011a86     0x22  iarwrite.o [5]
  .iar.init_table    const    0x00011aa8     0x24  - Linker created -
  .rodata            const    0x00011acc     0x20  bmps.o [1]
  .rodata            const    0x00011aec     0x20  bmps.o [1]
  .rodata            const    0x00011b0c     0x20  led_control.o [1]
  .rodata            const    0x00011b2c     0x20  usbase.o [1]
  .rodata            const    0x00011b4c     0x20  xstoflt.o [3]
  .text              ro code  0x00011b6c     0x20  DblCmpEq.o [4]
  .text              ro code  0x00011b8c     0x20  ai_test.o [1]
  .text              ro code  0x00011bac     0x20  iarwstd.o [5]
  .text              ro code  0x00011bcc     0x1e  ai_test.o [1]
  .text              ro code  0x00011bea     0x1e  ai_test.o [1]
  .text              ro code  0x00011c08     0x1e  ai_test.o [1]
  .text              ro code  0x00011c26     0x1e  editor_scr.o [1]
  .text              ro code  0x00011c44     0x1e  ethernet_scr.o [1]
  .text              ro code  0x00011c62     0x1e  lut_scr.o [1]
  .text              ro code  0x00011c80     0x1e  main_scr.o [1]
  .text              ro code  0x00011c9e     0x1e  menu_scr.o [1]
  .text              ro code  0x00011cbc     0x1e  msg_scr.o [1]
  .text              ro code  0x00011cda     0x1e  param_scr.o [1]
  .text              ro code  0x00011cf8     0x1e  pass_scr.o [1]
  .text              ro code  0x00011d16     0x1e  rs232_scr.o [1]
  .text              ro code  0x00011d34     0x1e  rs485_scr.o [1]
  .text              ro code  0x00011d52     0x1e  trend_scr.o [1]
  .text              ro code  0x00011d70     0x1e  usbase.o [1]
  .text              ro code  0x00011d8e     0x1e  usbase.o [1]
  .text              ro code  0x00011dac     0x1e  usbase.o [1]
  .text              ro code  0x00011dca     0x1e  usbase.o [1]
  .text              ro code  0x00011de8     0x1e  usbase.o [1]
  .text              ro code  0x00011e06     0x1e  usbase.o [1]
  .text              ro code  0x00011e24     0x1e  usbase.o [1]
  .text              ro code  0x00011e42     0x1e  usbase.o [1]
  .text              ro code  0x00011e60     0x1e  usbase.o [1]
  .text              ro code  0x00011e7e     0x1e  strcat.o [3]
  .text              ro code  0x00011e9c     0x1e  dwrite.o [5]
  .rodata            const    0x00011ebc     0x1c  bmps.o [1]
  .rodata            const    0x00011ed8     0x1c  bmps.o [1]
  .rodata            const    0x00011ef4     0x1c  bmps.o [1]
  .rodata            const    0x00011f10     0x1c  processing.o [1]
  .rodata            const    0x00011f2c     0x1c  processing.o [1]
  .rodata            const    0x00011f48     0x1c  processing.o [1]
  .rodata            const    0x00011f64     0x1c  usbase.o [1]
  .text              ro code  0x00011f80     0x1c  FltCmpEq.o [4]
  .text              ro code  0x00011f9c     0x1c  do_test.o [1]
  .text              ro code  0x00011fb8     0x1c  usbase.o [1]
  .text              ro code  0x00011fd4     0x1c  usbase.o [1]
  .text              ro code  0x00011ff0     0x1c  usbase.o [1]
  .text              ro code  0x0001200c     0x1c  usbase.o [1]
  .text              ro code  0x00012028     0x1a  ai_test.o [1]
  .text              ro code  0x00012042     0x1a  do_test.o [1]
  .text              ro code  0x0001205c     0x1a  usbase.o [1]
  .text              ro code  0x00012076     0x1a  usbase.o [1]
  .text              ro code  0x00012090     0x1a  usbase.o [1]
  .text              ro code  0x000120aa     0x1a  usbase.o [1]
  .text              ro code  0x000120c4     0x1a  usbase.o [1]
  .rodata            const    0x000120e0     0x18  ai_test.o [1]
  .rodata            const    0x000120f8     0x18  ao_test.o [1]
  .rodata            const    0x00012110     0x18  do_test.o [1]
  .rodata            const    0x00012128     0x18  do_test.o [1]
  .rodata            const    0x00012140     0x18  main.o [1]
  .rodata            const    0x00012158     0x18  pwm_test.o [1]
  .rodata            const    0x00012170     0x18  trend_scr.o [1]
  .text              ro code  0x00012188     0x18  board.o [1]
  .text              ro code  0x000121a0     0x18  processing.o [1]
  .text              ro code  0x000121b8     0x18  processing.o [1]
  .text              ro code  0x000121d0     0x18  processing.o [1]
  .text              ro code  0x000121e8     0x18  screens.o [1]
  .text              ro code  0x00012200     0x18  timers.o [1]
  .text              ro code  0x00012218     0x18  timers.o [1]
  .text              ro code  0x00012230     0x18  usbase.o [1]
  .text              ro code  0x00012248     0x18  ao_test.o [1]
  .text              ro code  0x00012260     0x18  usbase.o [1]
  .text              ro code  0x00012278     0x18  usbase.o [1]
  .text              ro code  0x00012290     0x18  usbase.o [1]
  .text              ro code  0x000122a8     0x18  usbase.o [1]
  .text              ro code  0x000122c0     0x18  usbase.o [1]
  .text              ro code  0x000122d8     0x18  usbase.o [1]
  .text              ro code  0x000122f0     0x18  usbase.o [1]
  .text              ro code  0x00012308     0x18  usbase.o [1]
  .text              ro code  0x00012320     0x18  usbase.o [1]
  .text              ro code  0x00012338     0x16  cmain.o [4]
  .text              ro code  0x00012350     0x16  strchr.o [4]
  .text              ro code  0x00012366     0x16  ai_test.o [1]
  .text              ro code  0x0001237c     0x16  lcd.o [1]
  .text              ro code  0x00012392     0x16  main.o [1]
  .text              ro code  0x000123a8     0x16  usbase.o [1]
  .text              ro code  0x000123be     0x16  usbase.o [1]
  .text              ro code  0x000123d4     0x16  usbase.o [1]
  .rodata            const    0x000123ec     0x14  ethernet_scr.o [1]
  .rodata            const    0x00012400     0x14  rs232_scr.o [1]
  .rodata            const    0x00012414     0x14  rs485_scr.o [1]
  .text              ro code  0x00012428     0x14  errno.o [3]
  .text              ro code  0x0001243c     0x14  exit.o [5]
  .text              ro code  0x00012450     0x14  usbase.o [1]
  .text              ro code  0x00012464     0x14  usbase.o [1]
  .text              ro code  0x00012478     0x14  usbase.o [1]
  .text              ro code  0x0001248c     0x14  usbase.o [1]
  .text              ro code  0x000124a0     0x14  usbase.o [1]
  .text              ro code  0x000124b4     0x14  usbase.o [1]
  .text              ro code  0x000124c8     0x12  usbase.o [1]
  .text              ro code  0x000124da     0x12  usbase.o [1]
  .text              ro code  0x000124ec     0x12  usbase.o [1]
  .text              ro code  0x000124fe     0x12  usbase.o [1]
  .text              ro code  0x00012510     0x12  usbase.o [1]
  .text              ro code  0x00012522     0x12  usbase.o [1]
  .text              ro code  0x00012534     0x12  usbase.o [1]
  .text              ro code  0x00012546     0x12  usbase.o [1]
  .text              ro code  0x00012558     0x12  usbase.o [1]
  .text              ro code  0x0001256a     0x12  usbase.o [1]
  .rodata            const    0x00012580     0x10  xstod.o [3]
  .rodata            const    0x00012590     0x10  adc_fsm.o [1]
  .rodata            const    0x000125a0     0x10  adc_fsm.o [1]
  .rodata            const    0x000125b0     0x10  adc_fsm.o [1]
  .rodata            const    0x000125c0     0x10  ao_test.o [1]
  .rodata            const    0x000125d0     0x10  bmps.o [1]
  .rodata            const    0x000125e0     0x10  bmps.o [1]
  .rodata            const    0x000125f0     0x10  board.o [1]
  .rodata            const    0x00012600     0x10  keyb.o [1]
  .rodata            const    0x00012610     0x10  main.o [1]
  .rodata            const    0x00012620     0x10  main.o [1]
  .rodata            const    0x00012630     0x10  misc_scr.o [1]
  .rodata            const    0x00012640     0x10  misc_scr.o [1]
  .rodata            const    0x00012650     0x10  pass_scr.o [1]
  .rodata            const    0x00012660     0x10  rs232_scr.o [1]
  .rodata            const    0x00012670     0x10  rs485_scr.o [1]
  .text              ro code  0x00012680     0x10  board.o [1]
  .text              ro code  0x00012690     0x10  board.o [1]
  .text              ro code  0x000126a0     0x10  board.o [1]
  .text              ro code  0x000126b0     0x10  board.o [1]
  .text              ro code  0x000126c0     0x10  board.o [1]
  .text              ro code  0x000126d0     0x10  board.o [1]
  .text              ro code  0x000126e0     0x10  board.o [1]
  .text              ro code  0x000126f0     0x10  board.o [1]
  .text              ro code  0x00012700     0x10  board.o [1]
  .text              ro code  0x00012710     0x10  board.o [1]
  .text              ro code  0x00012720     0x10  board.o [1]
  .text              ro code  0x00012730     0x10  board.o [1]
  .text              ro code  0x00012740     0x10  board.o [1]
  .text              ro code  0x00012750     0x10  board.o [1]
  .text              ro code  0x00012760     0x10  board.o [1]
  .text              ro code  0x00012770     0x10  lcd.o [1]
  .text              ro code  0x00012780     0x10  lcd_low_level.o [1]
  .text              ro code  0x00012790     0x10  lcd_low_level.o [1]
  .text              ro code  0x000127a0     0x10  lcd_low_level.o [1]
  .text              ro code  0x000127b0     0x10  timers.o [1]
  .text              ro code  0x000127c0     0x10  timers.o [1]
  .text              ro code  0x000127d0     0x10  timers.o [1]
  .text              ro code  0x000127e0     0x10  usbase.o [1]
  .text              ro code  0x000127f0     0x10  usbase.o [1]
  .text              ro code  0x00012800     0x10  usbase.o [1]
  .text              ro code  0x00012810     0x10  usbase.o [1]
  .text              ro code  0x00012820     0x10  usbase.o [1]
  .text              ro code  0x00012830     0x10  usbase.o [1]
  .text              ro code  0x00012840     0x10  usbase.o [1]
  .text              ro code  0x00012850     0x10  usbase.o [1]
  .text              ro code  0x00012860     0x10  usbase.o [1]
  .text              ro code  0x00012870     0x10  usbase.o [1]
  .text              ro code  0x00012880     0x10  usbase.o [1]
  .text              ro code  0x00012890     0x10  usbase.o [1]
  .text              ro code  0x000128a0     0x10  usbase.o [1]
  .text              ro code  0x000128b0     0x10  write.o [5]
  .text              ro code  0x000128c0      0xe  cexit.o [4]
  .text              ro code  0x000128ce      0xe  ai_test.o [1]
  .text              ro code  0x000128dc      0xe  ai_test.o [1]
  .text              ro code  0x000128ea      0xe  ai_test.o [1]
  .text              ro code  0x000128f8      0xe  ai_test.o [1]
  .text              ro code  0x00012906      0xe  ai_test.o [1]
  .text              ro code  0x00012914      0xe  ai_test.o [1]
  .text              ro code  0x00012922      0xe  ai_test.o [1]
  .text              ro code  0x00012930      0xe  ai_test.o [1]
  .text              ro code  0x0001293e      0xe  ai_test.o [1]
  .text              ro code  0x0001294c      0xe  ai_test.o [1]
  .text              ro code  0x0001295a      0xe  editor_scr.o [1]
  .text              ro code  0x00012968      0xe  editor_scr.o [1]
  .text              ro code  0x00012976      0xe  ethernet_scr.o [1]
  .text              ro code  0x00012984      0xe  ethernet_scr.o [1]
  .text              ro code  0x00012992      0xe  lut_scr.o [1]
  .text              ro code  0x000129a0      0xe  lut_scr.o [1]
  .text              ro code  0x000129ae      0xe  main_scr.o [1]
  .text              ro code  0x000129bc      0xe  main_scr.o [1]
  .text              ro code  0x000129ca      0xe  menu_scr.o [1]
  .text              ro code  0x000129d8      0xe  menu_scr.o [1]
  .text              ro code  0x000129e6      0xe  msg_scr.o [1]
  .text              ro code  0x000129f4      0xe  msg_scr.o [1]
  .text              ro code  0x00012a02      0xe  param_scr.o [1]
  .text              ro code  0x00012a10      0xe  param_scr.o [1]
  .text              ro code  0x00012a1e      0xe  pass_scr.o [1]
  .text              ro code  0x00012a2c      0xe  pass_scr.o [1]
  .text              ro code  0x00012a3a      0xe  rs232_scr.o [1]
  .text              ro code  0x00012a48      0xe  rs232_scr.o [1]
  .text              ro code  0x00012a56      0xe  rs485_scr.o [1]
  .text              ro code  0x00012a64      0xe  rs485_scr.o [1]
  .text              ro code  0x00012a72      0xe  trend_scr.o [1]
  .text              ro code  0x00012a80      0xe  trend_scr.o [1]
  .text              ro code  0x00012a8e      0xe  usbase.o [1]
  .text              ro code  0x00012a9c      0xe  usbase.o [1]
  .text              ro code  0x00012aaa      0xe  usbase.o [1]
  .text              ro code  0x00012ab8      0xe  usbase.o [1]
  .text              ro code  0x00012ac6      0xe  usbase.o [1]
  .text              ro code  0x00012ad4      0xe  usbase.o [1]
  .text              ro code  0x00012ae2      0xe  usbase.o [1]
  .text              ro code  0x00012af0      0xe  usbase.o [1]
  .text              ro code  0x00012afe      0xe  usbase.o [1]
  .text              ro code  0x00012b0c      0xe  usbase.o [1]
  .text              ro code  0x00012b1a      0xe  usbase.o [1]
  .text              ro code  0x00012b28      0xe  usbase.o [1]
  .text              ro code  0x00012b36      0xe  usbase.o [1]
  .text              ro code  0x00012b44      0xe  usbase.o [1]
  .text              ro code  0x00012b52      0xe  usbase.o [1]
  .text              ro code  0x00012b60      0xe  usbase.o [1]
  .text              ro code  0x00012b6e      0xe  usbase.o [1]
  .text              ro code  0x00012b7c      0xe  usbase.o [1]
  .text              ro code  0x00012b8a      0xe  usbase.o [1]
  .text              ro code  0x00012b98      0xe  usbase.o [1]
  .text              ro code  0x00012ba6      0xe  usbase.o [1]
  .text              ro code  0x00012bb4      0xe  usbase.o [1]
  .text              ro code  0x00012bc2      0xe  usbase.o [1]
  .text              ro code  0x00012bd0      0xe  usbase.o [1]
  .text              ro code  0x00012bde      0xe  usbase.o [1]
  .text              ro code  0x00012bec      0xe  usbase.o [1]
  .text              ro code  0x00012bfa      0xe  usbase.o [1]
  .text              ro code  0x00012c08      0xe  usbase.o [1]
  .text              ro code  0x00012c16      0xe  usbase.o [1]
  .text              ro code  0x00012c24      0xe  usbase.o [1]
  .text              ro code  0x00012c32      0xe  div.o [3]
  .rodata            const    0x00012c40      0xc  bmps.o [1]
  .rodata            const    0x00012c4c      0xc  bmps.o [1]
  .rodata            const    0x00012c58      0xc  bmps.o [1]
  .rodata            const    0x00012c64      0xc  bmps.o [1]
  .rodata            const    0x00012c70      0xc  bmps.o [1]
  .rodata            const    0x00012c7c      0xc  editor_scr.o [1]
  .rodata            const    0x00012c88      0xc  editor_scr.o [1]
  .rodata            const    0x00012c94      0xc  editor_scr.o [1]
  .rodata            const    0x00012ca0      0xc  main.o [1]
  .rodata            const    0x00012cac      0xc  main_scr.o [1]
  .rodata            const    0x00012cb8      0xc  misc_scr.o [1]
  .rodata            const    0x00012cc4      0xc  misc_scr.o [1]
  .rodata            const    0x00012cd0      0xc  misc_scr.o [1]
  .rodata            const    0x00012cdc      0xc  misc_scr.o [1]
  .rodata            const    0x00012ce8      0xc  misc_scr.o [1]
  .rodata            const    0x00012cf4      0xc  pwm_test.o [1]
  .rodata            const    0x00012d00      0xc  rs232_scr.o [1]
  .rodata            const    0x00012d0c      0xc  rs232_scr.o [1]
  .rodata            const    0x00012d18      0xc  rs485_scr.o [1]
  .rodata            const    0x00012d24      0xc  rs485_scr.o [1]
  .rodata            const    0x00012d30      0xc  rs485_scr.o [1]
  .text              ro code  0x00012d3c      0xc  board.o [1]
  .text              ro code  0x00012d48      0xc  board.o [1]
  .text              ro code  0x00012d54      0xc  board.o [1]
  .text              ro code  0x00012d60      0xc  board.o [1]
  .text              ro code  0x00012d6c      0xc  board.o [1]
  .text              ro code  0x00012d78      0xc  board.o [1]
  .text              ro code  0x00012d84      0xc  board.o [1]
  .text              ro code  0x00012d90      0xc  board.o [1]
  .text              ro code  0x00012d9c      0xc  ao_test.o [1]
  .text              ro code  0x00012da8      0xc  ao_test.o [1]
  .text              ro code  0x00012db4      0xc  ao_test.o [1]
  .text              ro code  0x00012dc0      0xc  ao_test.o [1]
  .text              ro code  0x00012dcc      0xc  ao_test.o [1]
  .text              ro code  0x00012dd8      0xc  main.o [1]
  .text              ro code  0x00012de4      0xc  main.o [1]
  .text              ro code  0x00012df0      0xc  processing.o [1]
  .text              ro code  0x00012dfc      0xc  processing.o [1]
  .text              ro code  0x00012e08      0xc  processing.o [1]
  .text              ro code  0x00012e14      0xc  processing.o [1]
  .text              ro code  0x00012e20      0xc  processing.o [1]
  .text              ro code  0x00012e2c      0xc  usbase.o [1]
  .text              ro code  0x00012e38      0xc  usbase.o [1]
  .text              ro code  0x00012e44      0xc  usbase.o [1]
  .text              ro code  0x00012e50      0xc  usbase.o [1]
  .text              ro code  0x00012e5c      0xc  usbase.o [1]
  .text              ro code  0x00012e68      0xc  usbase.o [1]
  .text              ro code  0x00012e74      0xc  usbase.o [1]
  .text              ro code  0x00012e80      0xc  usbase.o [1]
  .text              ro code  0x00012e8c      0xc  usbase.o [1]
  .text              ro code  0x00012e98      0xc  usbase.o [1]
  .text              ro code  0x00012ea4      0xc  usbase.o [1]
  .text              ro code  0x00012eb0      0xc  usbase.o [1]
  .text              ro code  0x00012ebc      0xc  usbase.o [1]
  .text              ro code  0x00012ec8      0xc  usbase.o [1]
  .text              ro code  0x00012ed4      0xc  usbase.o [1]
  .text              ro code  0x00012ee0      0xc  usbase.o [1]
  .text              ro code  0x00012eec      0xc  usbase.o [1]
  .text              ro code  0x00012ef8      0xc  usbase.o [1]
  .text              ro code  0x00012f04      0xc  usbase.o [1]
  .text              ro code  0x00012f10      0xc  usbase.o [1]
  .text              ro code  0x00012f1c      0xc  usbase.o [1]
  .text              ro code  0x00012f28      0xc  usbase.o [1]
  .text              ro code  0x00012f34      0xc  usbase.o [1]
  .text              ro code  0x00012f40      0xc  usbase.o [1]
  .text              ro code  0x00012f4c      0xc  usbase.o [1]
  .text              ro code  0x00012f58      0xc  usbase.o [1]
  .text              ro code  0x00012f64      0xc  usbase.o [1]
  .text              ro code  0x00012f70      0xc  usbase.o [1]
  .text              ro code  0x00012f7c      0xc  usbase.o [1]
  .text              ro code  0x00012f88      0xc  cstartup_M.o [4]
  .text              ro code  0x00012f94      0xa  lcd_low_level.o [1]
  .text              ro code  0x00012f9e      0xa  lcd_low_level.o [1]
  .text              ro code  0x00012fa8      0xa  lcd_low_level.o [1]
  .text              ro code  0x00012fb2      0xa  lcd_low_level.o [1]
  .text              ro code  0x00012fbc      0xa  lcd_low_level.o [1]
  .text              ro code  0x00012fc6      0xa  lcd_low_level.o [1]
  .text              ro code  0x00012fd0      0xa  usbase.o [1]
  .text              ro code  0x00012fda      0xa  usbase.o [1]
  .text              ro code  0x00012fe4      0xa  delop_0.o [3]
  .text              ro code  0x00012fee      0xa  xsprout.o [3]
  .rodata            const    0x00012ff8      0x8  ai_test.o [1]
  .rodata            const    0x00013000      0x8  ai_test.o [1]
  .rodata            const    0x00013008      0x8  ai_test.o [1]
  .rodata            const    0x00013010      0x8  ai_test.o [1]
  .rodata            const    0x00013018      0x8  ai_test.o [1]
  .rodata            const    0x00013020      0x8  ai_test.o [1]
  .rodata            const    0x00013028      0x8  ai_test.o [1]
  .rodata            const    0x00013030      0x8  ai_test.o [1]
  .rodata            const    0x00013038      0x8  bmps.o [1]
  .rodata            const    0x00013040      0x8  checkbox.o [1]
  .rodata            const    0x00013048      0x8  checkbox.o [1]
  .rodata            const    0x00013050      0x8  do_test.o [1]
  .rodata            const    0x00013058      0x8  do_test.o [1]
  .rodata            const    0x00013060      0x8  do_test.o [1]
  .rodata            const    0x00013068      0x8  do_test.o [1]
  .rodata            const    0x00013070      0x8  do_test.o [1]
  .rodata            const    0x00013078      0x8  do_test.o [1]
  .rodata            const    0x00013080      0x8  editor_scr.o [1]
  .rodata            const    0x00013088      0x8  editor_scr.o [1]
  .rodata            const    0x00013090      0x8  editor_scr.o [1]
  .rodata            const    0x00013098      0x8  ethernet_scr.o [1]
  .rodata            const    0x000130a0      0x8  ethernet_scr.o [1]
  .rodata            const    0x000130a8      0x8  ethernet_scr.o [1]
  .rodata            const    0x000130b0      0x8  main.o [1]
  .rodata            const    0x000130b8      0x8  main_scr.o [1]
  .rodata            const    0x000130c0      0x8  main_scr.o [1]
  .rodata            const    0x000130c8      0x8  main_scr.o [1]
  .rodata            const    0x000130d0      0x8  main_scr.o [1]
  .rodata            const    0x000130d8      0x8  main_scr.o [1]
  .rodata            const    0x000130e0      0x8  main_scr.o [1]
  .rodata            const    0x000130e8      0x8  main_scr.o [1]
  .rodata            const    0x000130f0      0x8  main_scr.o [1]
  .rodata            const    0x000130f8      0x8  misc_scr.o [1]
  .rodata            const    0x00013100      0x8  msg_scr.o [1]
  .rodata            const    0x00013108      0x8  pass_scr.o [1]
  .rodata            const    0x00013110      0x8  pwm_test.o [1]
  .rodata            const    0x00013118      0x8  pwm_test.o [1]
  .rodata            const    0x00013120      0x8  pwm_test.o [1]
  .rodata            const    0x00013128      0x8  relay_control.o [1]
  .rodata            const    0x00013130      0x8  rs232_scr.o [1]
  .rodata            const    0x00013138      0x8  rs485_scr.o [1]
  .rodata            const    0x00013140      0x8  trend_scr.o [1]
  .rodata            const    0x00013148      0x8  usbase.o [1]
  .rodata            const    0x00013150      0x8  variables.o [1]
  .rodata            const    0x00013158      0x8  variables.o [1]
  .rodata            const    0x00013160      0x8  xprintffull.o [3]
  .text              ro code  0x00013168      0x8  XShttio.o [3]
  .text              ro code  0x00013170      0x8  ai_test.o [1]
  .text              ro code  0x00013178      0x8  abort.o [3]
  .text              ro code  0x00013180      0x6  usbase.o [1]
  .text              ro code  0x00013186      0x6  usbase.o [1]
  .text              ro code  0x0001318c      0x6  usbase.o [1]
  .text              ro code  0x00013192      0x6  usbase.o [1]
  .text              ro code  0x00013198      0x6  usbase.o [1]
  .text              ro code  0x0001319e      0x6  usbase.o [1]
  .text              ro code  0x000131a4      0x6  xpurevirtual.o [3]
  .text              ro code  0x000131aa      0x6  exit.o [3]
  .rodata            const    0x000131b0      0x4  adc_fsm.o [1]
  .rodata            const    0x000131b4      0x4  adc_fsm.o [1]
  .rodata            const    0x000131b8      0x4  adc_fsm.o [1]
  .rodata            const    0x000131bc      0x4  processing.o [1]
  .rodata            const    0x000131c0      0x4  timers.o [1]
  .rodata            const    0x000131c4      0x4  timers.o [1]
  .rodata            const    0x000131c8      0x4  iarttio.o [5]
  .text              ro code  0x000131cc      0x2  I64DivZer.o [4]
  .text              ro code  0x000131ce      0x4  ai_test.o [1]
  .text              ro code  0x000131d2      0x4  ai_test.o [1]
  .text              ro code  0x000131d6      0x4  editor_scr.o [1]
  .text              ro code  0x000131da      0x4  processing.o [1]
  .text              ro code  0x000131de      0x4  processing.o [1]
  .text              ro code  0x000131e2      0x4  processing.o [1]
  .text              ro code  0x000131e6      0x4  processing.o [1]
  .text              ro code  0x000131ea      0x4  processing.o [1]
  .text              ro code  0x000131ee      0x4  processing.o [1]
  .text              ro code  0x000131f2      0x4  usbase.o [1]
  .text              ro code  0x000131f6      0x4  usbase.o [1]
  .text              ro code  0x000131fa      0x4  usbase.o [1]
  .text              ro code  0x000131fe      0x4  usbase.o [1]
  .text              ro code  0x00013202      0x4  usbase.o [1]
  .text              ro code  0x00013206      0x4  usbase.o [1]
  .text              ro code  0x0001320a      0x4  usbase.o [1]
  .text              ro code  0x0001320e      0x4  usbase.o [1]
  .text              ro code  0x00013212      0x4  usbase.o [1]
  .text              ro code  0x00013216      0x4  usbase.o [1]
  .text              ro code  0x0001321a      0x4  usbase.o [1]
  .text              ro code  0x0001321e      0x4  usbase.o [1]
  .text              ro code  0x00013222      0x4  usbase.o [1]
  .text              ro code  0x00013226      0x4  usbase.o [1]
  .text              ro code  0x0001322a      0x4  delaop_0.o [3]
  .text              ro code  0x0001322e      0x4  newaop_0.o [3]
  .text              ro code  0x00013232      0x4  low_level_init.o [3]
  .text              ro code  0x00013236      0x2  ai_test.o [1]
  .text              ro code  0x00013238      0x2  ai_test.o [1]
  .text              ro code  0x0001323a      0x2  ai_test.o [1]
  .text              ro code  0x0001323c      0x2  ai_test.o [1]
  .text              ro code  0x0001323e      0x2  ai_test.o [1]
  .text              ro code  0x00013240      0x2  ao_test.o [1]
  .text              ro code  0x00013242      0x2  cstartup_M.o [1]
  .text              ro code  0x00013244      0x2  processing.o [1]
  .text              ro code  0x00013246      0x2  usbase.o [1]
  .text              ro code  0x00013248      0x2  usbase.o [1]
  .text              ro code  0x0001324a      0x2  usbase.o [1]
  .text              ro code  0x0001324c      0x2  usbase.o [1]
  .text              ro code  0x0001324e      0x2  usbase.o [1]
  .text              ro code  0x00013250      0x2  usbase.o [1]
  .text              ro code  0x00013252      0x2  usbase.o [1]
  .text              ro code  0x00013254      0x2  usbase.o [1]
  Initializer bytes  ro data  0x00013258     0x8c  <for P2 s0>
                            - 0x000132e4  0x131e4

"P2", part 1 of 3:                         0x25f8
  HEAP                        0x10000000   0x2000  <Block>
    HEAP             uninit   0x10000000   0x2000  <Block tail>
  CSTACK                      0x10002000    0x400  <Block>
    CSTACK           uninit   0x10002000    0x400  <Block tail>
  .iar.dynexit                0x10002400    0x1f8  <Block>
    .iar.dynexit     uninit   0x10002400      0xc  cppinit.o [3]
    .iar.dynexit     uninit   0x1000240c    0x1ec  <Block tail>
                            - 0x100025f8   0x25f8

"P2", part 2 of 3:                           0x8c
  P2 s0                       0x100025f8     0x8c  <Init block>
    .data            inited   0x100025f8     0x34  bmps.o [1]
    .data            inited   0x1000262c     0x20  led_control.o [1]
    .data            inited   0x1000264c     0x14  LPC_Uart.o [1]
    .data            inited   0x10002660      0x8  usbase.o [1]
    .data            inited   0x10002668      0x8  usbase.o [1]
    .data            inited   0x10002670      0x8  usbase.o [1]
    .data            inited   0x10002678      0x8  XShttio.o [3]
    .data            inited   0x10002680      0x4  main.o [1]
                            - 0x10002684     0x8c

"P2", part 3 of 3:                         0x2208
  .bss               zero     0x10002684    0x500  messages.o [1]
  .bss               zero     0x10002b84    0x408  modbus.o [1]
  .bss               zero     0x10002f8c    0x400  LPC_Uart.o [1]
  .bss               zero     0x1000338c    0x400  LPC_Uart.o [1]
  .bss               zero     0x1000378c    0x400  LPC_Uart.o [1]
  .bss               zero     0x10003b8c    0x400  LPC_Uart.o [1]
  .bss               zero     0x10003f8c    0x400  lcd.o [1]
  .bss               zero     0x1000438c    0x38c  variables.o [1]
  .bss               zero     0x10004718     0x40  timers.o [1]
  .bss               zero     0x10004758     0x14  xsyslock.o [3]
  .bss               zero     0x1000476c     0x10  adc_fsm.o [1]
  .bss               zero     0x1000477c     0x10  adc_fsm.o [1]
  .bss               zero     0x1000478c     0x10  adc_fsm.o [1]
  .bss               zero     0x1000479c     0x10  disconnect.o [1]
  .bss               zero     0x100047ac     0x10  disconnect.o [1]
  .bss               zero     0x100047bc     0x10  disconnect.o [1]
  .bss               zero     0x100047cc     0x10  lcd.o [1]
  .bss               zero     0x100047dc      0x8  led_control.o [1]
  .bss               zero     0x100047e4      0x8  xxmemxmalloc.o [3]
  .bss               zero     0x100047ec      0x8  errno.o [3]
  .bss               zero     0x100047f4      0x4  LPC_Uart.o [1]
  .bss               zero     0x100047f8      0x4  LPC_Uart.o [1]
  .bss               zero     0x100047fc      0x4  LPC_Uart.o [1]
  .bss               zero     0x10004800      0x4  LPC_Uart.o [1]
  .bss               zero     0x10004804      0x4  LPC_Uart.o [1]
  .bss               zero     0x10004808      0x4  LPC_Uart.o [1]
  .bss               zero     0x1000480c      0x4  LPC_Uart.o [1]
  .bss               zero     0x10004810      0x4  LPC_Uart.o [1]
  .bss               zero     0x10004814      0x4  LPC_Uart.o [1]
  .bss               zero     0x10004818      0x4  LPC_Uart.o [1]
  .bss               zero     0x1000481c      0x4  adc_fsm.o [1]
  .bss               zero     0x10004820      0x4  board.o [1]
  .bss               zero     0x10004824      0x4  disconnect.o [1]
  .bss               zero     0x10004828      0x4  disconnect.o [1]
  .bss               zero     0x1000482c      0x4  lcd_control.o [1]
  .bss               zero     0x10004830      0x4  led_control.o [1]
  .bss               zero     0x10004834      0x4  pass_controller.o [1]
  .bss               zero     0x10004838      0x4  processing.o [1]
  .bss               zero     0x1000483c      0x4  timers.o [1]
  .bss               zero     0x10004840      0x4  timers.o [1]
  .bss               zero     0x10004844      0x4  timers.o [1]
  .bss               zero     0x10004848      0x4  usbase.o [1]
  .bss               zero     0x1000484c      0x4  usbase.o [1]
  .bss               zero     0x10004850      0x4  new.o [3]
  .bss               zero     0x10004854      0x4  xgetmemchunk.o [3]
  .bss               zero     0x10004858      0x4  cppinit.o [3]
  .bss               zero     0x1000485c      0x4  MtxWrapper.o [3]
  .bss               zero     0x10004860      0x4  MtxWrapper.o [3]
  .bss               zero     0x10004864      0x4  MtxWrapper.o [3]
  .bss               zero     0x10004868      0x4  MtxWrapper.o [3]
  .bss               zero     0x1000486c      0x1  LPC_Uart.o [1]
  .bss               zero     0x1000486d      0x1  LPC_Uart.o [1]
  .bss               zero     0x1000486e      0x1  LPC_Uart.o [1]
  .bss               zero     0x1000486f      0x1  LPC_Uart.o [1]
  .bss               zero     0x10004870      0x1  font.o [1]
  .bss               zero     0x10004871      0x1  keyb.o [1]
  .bss               zero     0x10004872      0x1  keyb.o [1]
  .bss               zero     0x10004873      0x1  keyb.o [1]
  .bss               zero     0x10004874      0x1  keyb.o [1]
  .bss               zero     0x10004875      0x1  keyb.o [1]
  .bss               zero     0x10004876      0x1  keyb.o [1]
  .bss               zero     0x10004877      0x1  keyb.o [1]
  .bss               zero     0x10004878      0x1  keyb.o [1]
  .bss               zero     0x10004879      0x1  keyb.o [1]
  .bss               zero     0x1000487a      0x1  keyb.o [1]
  .bss               zero     0x1000487b      0x1  keyb.o [1]
  .bss               zero     0x1000487c      0x1  keyb.o [1]
  .bss               zero     0x1000487d      0x1  lcd.o [1]
  .bss               zero     0x1000487e      0x1  lcd_control.o [1]
  .bss               zero     0x1000487f      0x1  led_control.o [1]
  .bss               zero     0x10004880      0x1  main_scr.o [1]
  .bss               zero     0x10004881      0x1  modbus.o [1]
  .bss               zero     0x10004882      0x1  pass_controller.o [1]
  .bss               zero     0x10004883      0x1  power_control.o [1]
  .bss               zero     0x10004884      0x1  power_control.o [1]
  .bss               zero     0x10004885      0x1  timers.o [1]
  .bss               zero     0x10004886      0x1  timers.o [1]
  .bss               zero     0x10004887      0x1  timers.o [1]
  .bss               zero     0x10004888      0x1  timers.o [1]
                            - 0x10004889   0x2205


*******************************************************************************
*** INIT TABLE
***

          Address     Size
          -------     ----
Zero (__iar_zero_init3)
    1 destination range, total size 0x2205:
          0x10002684  0x2205

Copy (__iar_copy_init3)
    1 source range, total size 0x8c (100% of destination):
          0x00013258    0x8c
    1 destination range, total size 0x8c:
          0x100025f8    0x8c


*******************************************************************************
*** MODULE SUMMARY
***

    Module             ro code  ro data  rw data
    ------             -------  -------  -------
C:\Users\V\Desktop\G_proj\1768\Flash Debug\Obj: [1]
    LPC_Uart.o             960       20    4 160
    adc_fsm.o              948       60       52
    ai_test.o            1 570      256
    ao_test.o            1 190      128
    bmps.o                  40      428       52
    board.o              3 424       16        4
    checkbox.o             172       16
    cstartup_M.o           198
    disconnect.o           576                56
    do_test.o              938      184
    editor_scr.o         1 020      148
    ethernet_scr.o         746      180
    font.o                 280    1 228        1
    irq.o                  172       92
    keyb.o               1 048      104       12
    lcd.o                2 088             1 041
    lcd_control.o          192                 5
    lcd_low_level.o        472
    led_control.o          296       64       45
    lut_scr.o              942       88
    main.o               5 994       80        4
    main_scr.o           1 970      164        1
    menu_scr.o             630      868
    messages.o             184             1 280
    misc_scr.o           1 062      188
    modbus.o               856      512    1 033
    msg_scr.o              470       96
    param_scr.o            826       88
    pass_controller.o      196                 5
    pass_scr.o             606      112
    power_control.o        108                 2
    processing.o         3 198       88        4
    pwm_test.o             848      148
    relay_control.o         40        8
    rs232_scr.o            778      156
    rs485_scr.o            898      168
    screens.o               24    1 760
    timers.o               588        8       80
    trend_scr.o          1 040      120
    usbase.o             7 404      400       32
    variables.o          1 192   11 820      908
    --------------------------------------------
    Total:              46 184   19 796    8 777

command line: [2]
    --------------------------------------------
    Total:

dl7M_tl_in.a: [3]
    MtxWrapper.o            72                16
    XShttio.o                8        8        8
    abort.o                  8
    cppinit.o              112                16
    delaop_0.o               4
    delop_0.o               10
    div.o                   14
    errno.o                 20                 8
    exit.o                   6
    expf.o                 104
    low_level_init.o         4
    new.o                                      4
    newaop_0.o               4
    newop_0.o               36
    putchar.o               40
    sprintf.o               48
    strcat.o                30
    string.o               502
    strtol.o               120
    xassert.o               72
    xdnorm.o               198
    xdscale.o              264
    xdtento.o              452       72
    xfdnorm.o              130
    xfdscale.o             192
    xfexp.o                352
    xgetmemchunk.o          40                 4
    xprintffull.o        3 266        8
    xpurevirtual.o           6
    xreportassert.o        116       48
    xsprout.o               10
    xstod.o                188       16
    xstoflt.o              432       32
    xstopfx.o              246
    xstoul.o               280       80
    xsyslock.o             136                20
    xxmemxfree.o           136
    xxmemxmalloc.o         188                 8
    --------------------------------------------
    Total:               7 846      264       84

rt7M_tl.a: [4]
    ABImemcpy.o            112
    ABImemmove.o           120
    DblAdd.o               230
    DblCmpEq.o              32
    DblCmpGe.o              46
    DblCmpLe.o              46
    DblDiv.o               582
    DblMul.o               418
    DblSub.o               382
    DblToFlt.o             144
    DblToI32.o              86
    FltAdd.o               140
    FltCmpEq.o              28
    FltCmpGe.o              36
    FltCmpLe.o              36
    FltDiv.o               252
    FltMul.o               216
    FltSub.o               228
    FltToDbl.o              78
    FltToS32.o              68
    I32ToDbl.o              46
    I32ToFlt.o              48
    I64DivMod.o            302
    I64DivZer.o              2
    cexit.o                 14
    cmain.o                 22
    copy_init3.o            48
    cstartup_M.o            12
    data_init3.o            44
    memchr.o                88
    strchr.o                22
    strcpy.o                68
    strlen.o                54
    zero_init3.o            36
    --------------------------------------------
    Total:               4 086

shb_l.a: [5]
    dwrite.o                30
    exit.o                  20
    iarttio.o              104        4
    iarwrite.o              34
    iarwstd.o               32
    write.o                 16
    --------------------------------------------
    Total:                 236        4

    Gaps                    28       22
    Linker created                   38    9 708
------------------------------------------------
    Grand Total:        58 380   20 124   18 569


*******************************************************************************
*** ENTRY LIST
***

Entry                      Address    Size  Type      Object
-----                      -------    ----  ----      ------
.iar.dynexit$$Base      0x10002400           --   Gb  - Linker created -
.iar.dynexit$$Limit     0x100025f8           --   Gb  - Linker created -
ADC_IRQHandler          0x00013243          Code  Wk  cstartup_M.o [1]
AdcClkClr               0x000078af     0xe  Code  Gb  board.o [1]
AdcClkSet               0x000078bd     0xe  Code  Gb  board.o [1]
AdcInitPio              0x000078df    0x36  Code  Gb  board.o [1]
AdcKeyClr               0x00012741    0x10  Code  Gb  board.o [1]
AdcKeySet               0x000127b1    0x10  Code  Gb  timers.o [1]
AdcMosiClr              0x000078cb     0xa  Code  Gb  board.o [1]
AdcMosiSet              0x000078d5     0xa  Code  Gb  board.o [1]
AiTestScreen::ActiveLoop()
                        0x0000abbd    0x54  Code  Gb  ai_test.o [1]
AiTestScreen::AiTestScreen()
                        0x0000a8a9     0xc  Code  Gb  ai_test.o [1]
AiTestScreen::AiTestScreen() [internal]
                        0x0000a8b5    0x1e  Code  Gb  ai_test.o [1]
AiTestScreen::Paint()   0x0000a985   0x206  Code  Gb  ai_test.o [1]
AiTestScreen::PlaceControls()
                        0x0000a8d3    0xb2  Code  Gb  ai_test.o [1]
AiTestScreen::~AiTestScreen()
                        0x0001294d     0xe  Code  Gb  ai_test.o [1]
AiTestScreen::~AiTestScreen() [deleting]
                        0x0001293f     0xe  Code  Gb  ai_test.o [1]
AiTestScreen::~AiTestScreen() [internal]
                        0x00011c09    0x1e  Code  Gb  ai_test.o [1]
AoTestScreen::Activated(unsigned long *)
                        0x0000c64b    0x18  Code  Gb  ao_test.o [1]
AoTestScreen::ActiveLoop()
                        0x0000c8bd     0xc  Code  Gb  ao_test.o [1]
AoTestScreen::AoTestScreen()
                        0x0000c605     0xc  Code  Gb  ao_test.o [1]
AoTestScreen::AoTestScreen() [internal]
                        0x0000c62d    0x1e  Code  Gb  ao_test.o [1]
AoTestScreen::DrawTableLine(int, char)
                        0x0000c779    0x62  Code  Gb  ao_test.o [1]
AoTestScreen::Paint()   0x0000c823    0x9a  Code  Gb  ao_test.o [1]
AoTestScreen::PlaceControls()
                        0x0000c663   0x116  Code  Gb  ao_test.o [1]
AoTestScreen::UpdateButtonValues()
                        0x0000c7db    0x48  Code  Gb  ao_test.o [1]
AoTestScreen::~AoTestScreen()
                        0x0000c61f     0xe  Code  Gb  ao_test.o [1]
AoTestScreen::~AoTestScreen() [deleting]
                        0x0000c611     0xe  Code  Gb  ao_test.o [1]
AoTestScreen::~AoTestScreen() [internal]
                        0x0000c8c9    0x2a  Code  Gb  ao_test.o [1]
BOD_IRQHandler          0x00013243          Code  Wk  cstartup_M.o [1]
BoardInit               0x000073cd    0x16  Code  Gb  board.o [1]
BusFault_Handler        0x00013243          Code  Wk  cstartup_M.o [1]
CAN_IRQHandler          0x00013243          Code  Wk  cstartup_M.o [1]
CRC16                   0x0000ac11    0x3e  Code  Gb  modbus.o [1]
CSTACK$$Base            0x10002000           --   Gb  - Linker created -
CSTACK$$Limit           0x10002400           --   Gb  - Linker created -
ChannelHN::ChannelHN()  0x00012e21     0xc  Code  Gb  processing.o [1]
ChannelHN::ChannelHN() [internal]
                        0x000121d1    0x18  Code  Gb  processing.o [1]
ChannelHN::Init()       0x00006a67    0x12  Code  Gb  processing.o [1]
ChannelHN::LoadVariables()
                        0x00006bd7    0xf2  Code  Gb  processing.o [1]
ChannelHN::Process()    0x00006ad7   0x100  Code  Gb  processing.o [1]
ChannelHN::RefreshVariables()
                        0x00006a79    0x5e  Code  Gb  processing.o [1]
ChannelHN::SaveResults()
                        0x00006cc9    0x28  Code  Gb  processing.o [1]
ChannelHN::SetEE(float)
                        0x000131ef     0x4  Code  Gb  processing.o [1]
ChannelO2::ChannelO2()  0x00012e15     0xc  Code  Gb  processing.o [1]
ChannelO2::ChannelO2() [internal]
                        0x000121b9    0x18  Code  Gb  processing.o [1]
ChannelO2::GetEE()      0x000131eb     0x4  Code  Gb  processing.o [1]
ChannelO2::Init()       0x0000692f     0xe  Code  Gb  processing.o [1]
ChannelO2::LoadVariables()
                        0x000067d3    0xec  Code  Gb  processing.o [1]
ChannelO2::Process()    0x0000693d   0x12a  Code  Gb  processing.o [1]
ChannelO2::RefreshVariables()
                        0x000068e7    0x48  Code  Gb  processing.o [1]
ChannelO2::SaveResults()
                        0x000068bf    0x28  Code  Gb  processing.o [1]
ChannelO2::SetCelFT(float)
                        0x000131e7     0x4  Code  Gb  processing.o [1]
ChannelProcessor::ChannelProcessor() [internal]
                        0x00013245     0x2  Code  Gb  processing.o [1]
ChannelProcessor::ChannelProcessor() [subobject]
                        0x00012dfd     0xc  Code  Gb  processing.o [1]
ChannelProcessor::SetGeneralFault(char)
                        0x000131db     0x4  Code  Gb  processing.o [1]
ChannelProcessor::SetSide(char)
                        0x00011a1d    0x24  Code  Gb  processing.o [1]
ChannelProcessor::SetTempFault(char)
                        0x000131df     0x4  Code  Gb  processing.o [1]
ChannelTemp::ChannelTemp()
                        0x00012e09     0xc  Code  Gb  processing.o [1]
ChannelTemp::ChannelTemp() [internal]
                        0x000121a1    0x18  Code  Gb  processing.o [1]
ChannelTemp::GetCelFT()
                        0x000131e3     0x4  Code  Gb  processing.o [1]
ChannelTemp::Init()     0x000064a9    0x28  Code  Gb  processing.o [1]
ChannelTemp::LoadVariables()
                        0x000064d1    0xb6  Code  Gb  processing.o [1]
ChannelTemp::Process()  0x000065bd   0x1b8  Code  Gb  processing.o [1]
ChannelTemp::RefreshVariables()
                        0x00006587    0x36  Code  Gb  processing.o [1]
ChannelTemp::SaveResults()
                        0x00006775    0x5e  Code  Gb  processing.o [1]
Clapp(T_CLAPP *, float)
                        0x000063e1    0xc8  Code  Gb  processing.o [1]
ClrSysBit               0x0000ec67    0x10  Code  Gb  led_control.o [1]
DacInitPio              0x000077e7    0x26  Code  Gb  board.o [1]
DacSclkClr              0x00012721    0x10  Code  Gb  board.o [1]
DacSclkSet              0x00012731    0x10  Code  Gb  board.o [1]
DacSyncClr              0x00012701    0x10  Code  Gb  board.o [1]
DacSyncSet              0x00012711    0x10  Code  Gb  board.o [1]
DataUnlock              0x0000ac4f     0x8  Code  Gb  modbus.o [1]
DebugMon_Handler        0x00013243          Code  Wk  cstartup_M.o [1]
Delay                   0x00007541     0xa  Code  Gb  board.o [1]
DinClr                  0x00011269    0x38  Code  Gb  board.o [1]
DinSet                  0x000112a1    0x38  Code  Gb  board.o [1]
DoTestScreen::Activated(unsigned long *)
                        0x0000c28b    0x18  Code  Gb  do_test.o [1]
DoTestScreen::ActiveLoop()
                        0x0000c27f     0xc  Code  Gb  do_test.o [1]
DoTestScreen::DoTestScreen()
                        0x0000bfcd     0xc  Code  Gb  do_test.o [1]
DoTestScreen::DoTestScreen() [internal]
                        0x0000bff5    0x1e  Code  Gb  do_test.o [1]
DoTestScreen::Paint()   0x0000c16d   0x112  Code  Gb  do_test.o [1]
DoTestScreen::PlaceControls()
                        0x0000c031   0x13c  Code  Gb  do_test.o [1]
DoTestScreen::getTag(char)
                        0x0000c013    0x1e  Code  Gb  do_test.o [1]
DoTestScreen::~DoTestScreen()
                        0x0000bfe7     0xe  Code  Gb  do_test.o [1]
DoTestScreen::~DoTestScreen() [deleting]
                        0x0000bfd9     0xe  Code  Gb  do_test.o [1]
DoTestScreen::~DoTestScreen() [internal]
                        0x0000c2a3    0x2a  Code  Gb  do_test.o [1]
DrawCheckBox            0x0000fa8d    0xac  Code  Gb  checkbox.o [1]
DtorRecArray            0x10002400     0xc  Data  Lc  cppinit.o [3]
EINT0_IRQHandler        0x00013243          Code  Wk  cstartup_M.o [1]
EINT1_IRQHandler        0x00013243          Code  Wk  cstartup_M.o [1]
EINT2_IRQHandler        0x00013243          Code  Wk  cstartup_M.o [1]
EINT3_IRQHandler        0x00013243          Code  Wk  cstartup_M.o [1]
EditAllowed             0x0000f619    0x26  Code  Gb  pass_controller.o [1]
EditorScreen::Activated(unsigned long *)
                        0x0000bdab    0x3c  Code  Gb  editor_scr.o [1]
EditorScreen::ActiveLoop()
                        0x0000bde7    0xf6  Code  Gb  editor_scr.o [1]
EditorScreen::EditorScreen(unsigned long)
                        0x0000bc99     0xc  Code  Gb  editor_scr.o [1]
EditorScreen::EditorScreen(unsigned long) [internal]
                        0x0000bca5    0x26  Code  Gb  editor_scr.o [1]
EditorScreen::Paint()   0x0000bedd    0xce  Code  Gb  editor_scr.o [1]
EditorScreen::PlaceControls()
                        0x0000bccb    0xe0  Code  Gb  editor_scr.o [1]
EditorScreen::~EditorScreen()
                        0x00012969     0xe  Code  Gb  editor_scr.o [1]
EditorScreen::~EditorScreen() [deleting]
                        0x0001295b     0xe  Code  Gb  editor_scr.o [1]
EditorScreen::~EditorScreen() [internal]
                        0x00011c27    0x1e  Code  Gb  editor_scr.o [1]
EthernetScreen::ActiveLoop()
                        0x0000d17d     0xc  Code  Gb  ethernet_scr.o [1]
EthernetScreen::EthernetScreen()
                        0x0000ced9     0xc  Code  Gb  ethernet_scr.o [1]
EthernetScreen::EthernetScreen() [internal]
                        0x0000cee5    0x1e  Code  Gb  ethernet_scr.o [1]
EthernetScreen::Paint()
                        0x0000d06b    0xf2  Code  Gb  ethernet_scr.o [1]
EthernetScreen::PlaceControls()
                        0x0000cf23   0x148  Code  Gb  ethernet_scr.o [1]
EthernetScreen::~EthernetScreen()
                        0x00012985     0xe  Code  Gb  ethernet_scr.o [1]
EthernetScreen::~EthernetScreen() [deleting]
                        0x00012977     0xe  Code  Gb  ethernet_scr.o [1]
EthernetScreen::~EthernetScreen() [internal]
                        0x00011c45    0x1e  Code  Gb  ethernet_scr.o [1]
Ethernet_IRQHandler     0x00013243          Code  Wk  cstartup_M.o [1]
FillUart0TransmitBuffer
                        0x0000b621    0x68  Code  Gb  LPC_Uart.o [1]
FillUart1TransmitBuffer
                        0x0000b811    0x4e  Code  Gb  LPC_Uart.o [1]
FlashCfg                0x00007229     0xc  Code  Gb  board.o [1]
FlashInit               0x00007341     0xc  Code  Gb  board.o [1]
GPDMA_IRQHandler        0x00013243          Code  Wk  cstartup_M.o [1]
GetAdcMiso              0x0001032d    0x64  Code  Gb  adc_fsm.o [1]
GetAdcValue             0x00007955    0x48  Code  Gb  board.o [1]
GetBmp                  0x00011805     0xa  Code  Gb  bmps.o [1]
GetBmpHeight            0x00011817     0x8  Code  Gb  bmps.o [1]
GetBmpWidth             0x0001180f     0x8  Code  Gb  bmps.o [1]
GetCharWidth            0x0000fc03    0x24  Code  Gb  font.o [1]
GetDataByModbusAddr     0x0000946b    0x80  Code  Gb  variables.o [1]
GetDeviceAddr           0x0000ac57     0x4  Code  Gb  modbus.o [1]
GetFloatValueByTag      0x0000921f     0xa  Code  Gb  variables.o [1]
GetFontData             0x0000fc27    0x44  Code  Gb  font.o [1]
GetFontHeight           0x0000fbeb    0x18  Code  Gb  font.o [1]
GetHeater0State         0x0000ddd5     0x6  Code  Gb  timers.o [1]
GetHeater1State         0x0000dddb     0x6  Code  Gb  timers.o [1]
GetIntValueByTag        0x00009215     0xa  Code  Gb  variables.o [1]
GetKbdBus               0x0000754b    0x8a  Code  Gb  board.o [1]
GetMessage              0x0000fa49     0xe  Code  Gb  messages.o [1]
GetNameByTag            0x00009229     0xe  Code  Gb  variables.o [1]
GetParamMessage         0x0000fa15    0x34  Code  Gb  messages.o [1]
GetPasswordEntered      0x0000f63f    0x20  Code  Gb  pass_controller.o [1]
GetPwm0                 0x00012201    0x18  Code  Gb  timers.o [1]
GetPwm1                 0x00012219    0x18  Code  Gb  timers.o [1]
GetScreen               0x000121e9    0x18  Code  Gb  screens.o [1]
GetStringByTag          0x00009253   0x130  Code  Gb  variables.o [1]
GetSysMiso              0x00012189    0x18  Code  Gb  board.o [1]
GetTimer                0x0000ddbf     0xa  Code  Gb  timers.o [1]
GetTypeByTag            0x00009245     0xe  Code  Gb  variables.o [1]
GetUart0TxBuffer        0x0000b61b     0x6  Code  Gb  LPC_Uart.o [1]
GetUnitByTag            0x00009237     0xe  Code  Gb  variables.o [1]
GetVideoBuff            0x00007b19     0x6  Code  Gb  lcd.o [1]
GpioInit                0x0000734d    0x74  Code  Gb  board.o [1]
HEAP$$Base              0x10000000           --   Gb  - Linker created -
HEAP$$Limit             0x10002000           --   Gb  - Linker created -
HardFault_Handler       0x00013243          Code  Wk  cstartup_M.o [1]
I2C0_IRQHandler         0x00013243          Code  Wk  cstartup_M.o [1]
I2C1_IRQHandler         0x00013243          Code  Wk  cstartup_M.o [1]
I2C2_IRQHandler         0x00013243          Code  Wk  cstartup_M.o [1]
I2S_IRQHandler          0x00013243          Code  Wk  cstartup_M.o [1]
InitAdc                 0x0000afd9    0x26  Code  Gb  adc_fsm.o [1]
InitAdcFSM              0x0000afff    0x1a  Code  Gb  adc_fsm.o [1]
InitClock               0x00007235   0x10c  Code  Gb  board.o [1]
InitDisconn             0x0000d3d1    0x18  Code  Gb  disconnect.o [1]
InitKeyb                0x00009a03    0x1a  Code  Gb  keyb.o [1]
InitMessages            0x0000f9d5    0x16  Code  Gb  messages.o [1]
InitPowerControl        0x000101f1     0x2  Code  Gb  power_control.o [1]
InitRepetitiveTimer     0x00006f91    0x54  Code  Gb  board.o [1]
InitSysTick             0x00006fe5    0x44  Code  Gb  board.o [1]
InitTimer0              0x00007029    0xa8  Code  Gb  board.o [1]
InitTimer1              0x000070d1    0xac  Code  Gb  board.o [1]
InitTimer2              0x0000717d    0xac  Code  Gb  board.o [1]
InitWdt                 0x000079b5    0x3a  Code  Gb  board.o [1]
KeyCodeToASCII          0x00009a1d    0x2e  Code  Gb  keyb.o [1]
LCD_Font                0x0000fea5    0x84  Code  Gb  font.o [1]
LCD_horline             0x00007c47    0x72  Code  Gb  lcd.o [1]
LCD_rect                0x00007d9f   0x132  Code  Gb  lcd.o [1]
LCD_vertline            0x00007cb9    0xe6  Code  Gb  lcd.o [1]
LcdA0Clr                0x00012781    0x10  Code  Gb  lcd_low_level.o [1]
LcdA0Set                0x00012771    0x10  Code  Gb  lcd.o [1]
LcdBmp                  0x00007ed1   0x19a  Code  Gb  lcd.o [1]
LcdClear                0x00007c0d    0x3a  Code  Gb  lcd.o [1]
LcdData                 0x0000746f    0xd2  Code  Gb  board.o [1]
LcdDraw                 0x00007b37    0xd6  Code  Gb  lcd.o [1]
LcdE1Clr                0x00012fb3     0xa  Code  Gb  lcd_low_level.o [1]
LcdE1Set                0x00012fa9     0xa  Code  Gb  lcd_low_level.o [1]
LcdE2Clr                0x00012fc7     0xa  Code  Gb  lcd_low_level.o [1]
LcdE2Set                0x00012fbd     0xa  Code  Gb  lcd_low_level.o [1]
LcdEClr                 0x000127a1    0x10  Code  Gb  lcd_low_level.o [1]
LcdESet                 0x00012791    0x10  Code  Gb  lcd_low_level.o [1]
LcdFrame                0x00008157    0x5c  Code  Gb  lcd.o [1]
LcdInitModule           0x0000e57f    0xb0  Code  Gb  lcd_low_level.o [1]
LcdInitPio              0x00007459    0x16  Code  Gb  board.o [1]
LcdInvertCurrentColor   0x00007b27    0x10  Code  Gb  lcd.o [1]
LcdLine                 0x000080d9    0x52  Code  Gb  lcd.o [1]
LcdRect                 0x0000812b    0x2c  Code  Gb  lcd.o [1]
LcdResClr               0x00012f9f     0xa  Code  Gb  lcd_low_level.o [1]
LcdResSet               0x00012f95     0xa  Code  Gb  lcd_low_level.o [1]
LcdSetAddress           0x0000e53f    0x20  Code  Gb  lcd_low_level.o [1]
LcdSetColor             0x00007b1f     0x8  Code  Gb  lcd.o [1]
LcdSetLine              0x0000e55f    0x20  Code  Gb  lcd_low_level.o [1]
LcdSetPage              0x0000e51f    0x20  Code  Gb  lcd_low_level.o [1]
LcdStroke               0x00010db5    0x4c  Code  Gb  lcd.o [1]
LcdText                 0x000081b3    0xe0  Code  Gb  lcd.o [1]
LcdWriteByte            0x0000e4f7    0x28  Code  Gb  lcd_low_level.o [1]
LoadProcessingVariables()
                        0x00006f41     0xc  Code  Gb  processing.o [1]
LoadValuesFromFram      0x0000917d    0x4c  Code  Gb  variables.o [1]
LutScreen::ActiveLoop()
                        0x0000a89d     0xc  Code  Gb  lut_scr.o [1]
LutScreen::DrawTableLine(int, int, char)
                        0x0000a703    0x6a  Code  Gb  lut_scr.o [1]
LutScreen::LutScreen(char, int)
                        0x0000a535     0xe  Code  Gb  lut_scr.o [1]
LutScreen::LutScreen(char, int) [internal]
                        0x0000a543    0x3e  Code  Gb  lut_scr.o [1]
LutScreen::Paint()      0x0000a76d   0x124  Code  Gb  lut_scr.o [1]
LutScreen::PlaceControls()
                        0x0000a581   0x182  Code  Gb  lut_scr.o [1]
LutScreen::~LutScreen()
                        0x000129a1     0xe  Code  Gb  lut_scr.o [1]
LutScreen::~LutScreen() [deleting]
                        0x00012993     0xe  Code  Gb  lut_scr.o [1]
LutScreen::~LutScreen() [internal]
                        0x00011c63    0x1e  Code  Gb  lut_scr.o [1]
MainScreen::Activated(unsigned long *)
                        0x00008965    0x1c  Code  Gb  main_scr.o [1]
MainScreen::ActiveLoop()
                        0x00008981    0x6e  Code  Gb  main_scr.o [1]
MainScreen::MainScreen()
                        0x00012dd9     0xc  Code  Gb  main.o [1]
MainScreen::MainScreen() [internal]
                        0x00011759    0x2c  Code  Gb  main.o [1]
MainScreen::Paint()     0x000082a1   0x6c4  Code  Gb  main_scr.o [1]
MainScreen::~MainScreen()
                        0x000129bd     0xe  Code  Gb  main_scr.o [1]
MainScreen::~MainScreen() [deleting]
                        0x000129af     0xe  Code  Gb  main_scr.o [1]
MainScreen::~MainScreen() [internal]
                        0x00011c81    0x1e  Code  Gb  main_scr.o [1]
MemManage_Handler       0x00013243          Code  Wk  cstartup_M.o [1]
MenuScreen::ActiveLoop()
                        0x0000d841     0xc  Code  Gb  menu_scr.o [1]
MenuScreen::MenuScreen(char, int)
                        0x0000d611     0xe  Code  Gb  menu_scr.o [1]
MenuScreen::MenuScreen(char, int) [internal]
                        0x0000d61f    0x2a  Code  Gb  menu_scr.o [1]
MenuScreen::Paint()     0x0000d7d7    0x5c  Code  Gb  menu_scr.o [1]
MenuScreen::PlaceControls()
                        0x0000d649   0x18e  Code  Gb  menu_scr.o [1]
MenuScreen::~MenuScreen()
                        0x000129d9     0xe  Code  Gb  menu_scr.o [1]
MenuScreen::~MenuScreen() [deleting]
                        0x000129cb     0xe  Code  Gb  menu_scr.o [1]
MenuScreen::~MenuScreen() [internal]
                        0x00011c9f    0x1e  Code  Gb  menu_scr.o [1]
MessageWindow::ActiveLoop()
                        0x0000e271    0x34  Code  Gb  msg_scr.o [1]
MessageWindow::MessageWindow(int, char *, char *, char *, char *)
                        0x00012393    0x16  Code  Gb  main.o [1]
MessageWindow::MessageWindow(int, char *, char *, char *, char *) [internal]
                        0x000110b9    0x40  Code  Gb  main.o [1]
MessageWindow::Paint()  0x0000e2a5    0xa0  Code  Gb  msg_scr.o [1]
MessageWindow::PlaceControls()
                        0x0000e1a9    0xbe  Code  Gb  msg_scr.o [1]
MessageWindow::~MessageWindow()
                        0x000129f5     0xe  Code  Gb  msg_scr.o [1]
MessageWindow::~MessageWindow() [deleting]
                        0x000129e7     0xe  Code  Gb  msg_scr.o [1]
MessageWindow::~MessageWindow() [internal]
                        0x00011cbd    0x1e  Code  Gb  msg_scr.o [1]
Messages                0x10002684   0x500  Data  Gb  messages.o [1]
Mid                     0x0000b019    0x2e  Code  Gb  adc_fsm.o [1]
MiscScreen::Activated(unsigned long *)
                        0x000095e7    0x10  Code  Gb  misc_scr.o [1]
MiscScreen::ActiveLoop()
                        0x0000999d     0xc  Code  Gb  misc_scr.o [1]
MiscScreen::MiscScreen()
                        0x000095a1     0xc  Code  Gb  misc_scr.o [1]
MiscScreen::MiscScreen() [internal]
                        0x000095c9    0x1e  Code  Gb  misc_scr.o [1]
MiscScreen::Paint()     0x0000987d    0xea  Code  Gb  misc_scr.o [1]
MiscScreen::PlaceControls()
                        0x000095f7   0x23c  Code  Gb  misc_scr.o [1]
MiscScreen::UpdateButtonValues()
                        0x00009833    0x4a  Code  Gb  misc_scr.o [1]
MiscScreen::~MiscScreen()
                        0x000095bb     0xe  Code  Gb  misc_scr.o [1]
MiscScreen::~MiscScreen() [deleting]
                        0x000095ad     0xe  Code  Gb  misc_scr.o [1]
MiscScreen::~MiscScreen() [internal]
                        0x000099a9    0x1e  Code  Gb  misc_scr.o [1]
ModbusDecode            0x0000ae33   0x126  Code  Gb  modbus.o [1]
ModbusRxHandler         0x0000af59    0x10  Code  Gb  modbus.o [1]
MotorControlPWM_IRQHandler
                        0x00013243          Code  Wk  cstartup_M.o [1]
NMI_Handler             0x00013243          Code  Wk  cstartup_M.o [1]
NVIC_ClrPend            0x0000fb71    0x38  Code  Gb  irq.o [1]
NVIC_IntEnable          0x0000fb39    0x38  Code  Gb  irq.o [1]
NVIC_IntPri             0x0000fba9    0x28  Code  Gb  irq.o [1]
NormalizeCoord          0x0000806b    0x6e  Code  Gb  lcd.o [1]
[...]
                        0x0001205d    0x1a  Code  Gb  usbase.o [1]
operator ==<list<usScreen *, allocator<usScreen *>>::iterator>(const reverse_iterator<T1> &, const reverse_iterator<T1> &)
                        0x000127f1    0x10  Code  Gb  usbase.o [1]
operator delete (void *)
                        0x00012fe5     0xa  Code  Gb  delop_0.o [3]
operator delete[] (void *)
                        0x0001322b     0x4  Code  Gb  delaop_0.o [3]
operator new (unsigned int)
                        0x000119b1    0x24  Code  Gb  newop_0.o [3]
operator new (unsigned int, void *)
                        0x00013181     0x6  Code  Gb  usbase.o [1]
operator new[] (unsigned int)
                        0x0001322f     0x4  Code  Gb  newaop_0.o [3]
out                     0x0001009d    0x16  Code  Lc  xreportassert.o [3]
pSHPR3                  0x10002680     0x4  Data  Gb  main.o [1]
pages                   0x100047cc    0x10  Data  Gb  lcd.o [1]
pass_state              0x10004882     0x1  Data  Gb  pass_controller.o [1]
password_reset_time     0x10004834     0x4  Data  Gb  pass_controller.o [1]
pow_l_state             0x10004883     0x1  Data  Gb  power_control.o [1]
pow_r_state             0x10004884     0x1  Data  Gb  power_control.o [1]
pows                    0x00010e00    0x48  Data  Lc  xdtento.o [3]
pred::operator ()(usScreen *&)
                        0x0001200d    0x1c  Code  Gb  usbase.o [1]
pred::pred(int)         0x00012f7d     0xc  Code  Gb  usbase.o [1]
pred::pred(int) [internal]
                        0x00013227     0x4  Code  Gb  usbase.o [1]
processing              0x10004838     0x4  Data  Gb  processing.o [1]
processing_handler      0x10004844     0x4  Data  Gb  timers.o [1]
putchar                 0x000118f5    0x28  Code  Gb  putchar.o [3]
pwm_ch                  0x10004885     0x1  Data  Gb  timers.o [1]
r_encoder_button        0x10004878     0x1  Data  Gb  keyb.o [1]
r_encoder_rotor         0x10004876     0x1  Data  Gb  keyb.o [1]
r_encoder_state         0x1000487c     0x1  Data  Gb  keyb.o [1]
reverse_iterator<list<usScreen *, allocator<usScreen *>>::iterator>::_Equal(const reverse_iterator<list<usScreen *, allocator<usScreen *>>::iterator>&) const
                        0x000127e1    0x10  Code  Gb  usbase.o [1]
reverse_iterator<list<usScreen *, allocator<usScreen *>>::iterator>::operator *() const
                        0x000123a9    0x16  Code  Gb  usbase.o [1]
reverse_iterator<list<usScreen *, allocator<usScreen *>>::iterator>::reverse_iterator()
                        0x00012e45     0xc  Code  Gb  usbase.o [1]
reverse_iterator<list<usScreen *, allocator<usScreen *>>::iterator>::reverse_iterator() [internal]
                        0x00012aab     0xe  Code  Gb  usbase.o [1]
reverse_iterator<list<usScreen *, allocator<usScreen *>>::iterator>::reverse_iterator(list<usScreen *, allocator<usScreen *>>::iterator)
                        0x00012e51     0xc  Code  Gb  usbase.o [1]
reverse_iterator<list<usScreen *, allocator<usScreen *>>::iterator>::reverse_iterator(list<usScreen *, allocator<usScreen *>>::iterator) [internal]
                        0x000131f3     0x4  Code  Gb  usbase.o [1]
scr_backlight_time      0x1000482c     0x4  Data  Gb  lcd_control.o [1]
screen_list             0x1000484c     0x4  Data  Gb  usbase.o [1]
screens                 0x00008a18   0x6e0  Data  Gb  screens.o [1]
small_font              0x0000a1b8   0x37c  Data  Gb  font.o [1]
sprintf                 0x000114d5    0x30  Code  Gb  sprintf.o [3]
strcat                  0x00011e7f    0x1e  Code  Gb  strcat.o [3]
strchr                  0x00012351          Code  Gb  strchr.o [4]
strcpy                  0x00010ff1          Code  Gb  strcpy.o [4]
string::_Copy(unsigned int, unsigned int)
                        0x0000db83    0x6c  Code  Gb  string.o [3]
string::_Grow(unsigned int, bool)
                        0x0000dbef    0x4a  Code  Gb  string.o [3]
string::_Myptr() const  0x00012a9d     0xe  Code  Gb  usbase.o [1]
string::_Tidy(bool, unsigned int)
                        0x0000dc39    0x2e  Code  Gb  string.o [3]
string::assign(const char *)
                        0x00012249    0x18  Code  Gb  ao_test.o [1]
string::assign(const char *, unsigned int)
                        0x0000dadd    0x60  Code  Gb  string.o [3]
string::assign(const string&, unsigned int, unsigned int)
                        0x0000da71    0x6c  Code  Gb  string.o [3]
string::c_str() const   0x00012e2d     0xc  Code  Gb  usbase.o [1]
string::erase(unsigned int, unsigned int)
                        0x0000db3d    0x46  Code  Gb  string.o [3]
string::string(const char *)
                        0x00012dcd     0xc  Code  Gb  ao_test.o [1]
string::string(const char *) [internal]
                        0x00011535    0x30  Code  Gb  ao_test.o [1]
string::~string()       0x00012a8f     0xe  Code  Gb  usbase.o [1]
string::~string() [internal]
                        0x00012451    0x14  Code  Gb  usbase.o [1]
strlen                  0x000112d9          Code  Gb  strlen.o [4]
strtod                  0x000124c9    0x12  Code  Gb  usbase.o [1]
strtol                  0x00010025    0x78  Code  Gb  strtol.o [3]
sys_spi_states          0x1000262c    0x20  Data  Gb  led_control.o [1]
sys_state               0x10004830     0x4  Data  Gb  led_control.o [1]
syslock_o               0x10004758     0x4  Data  Lc  xsyslock.o [3]
uart0_rx_buff           0x10002f8c   0x400  Data  Gb  LPC_Uart.o [1]
uart0_rx_count          0x100047fc     0x4  Data  Gb  LPC_Uart.o [1]
uart0_rx_error_flag     0x10004800     0x4  Data  Gb  LPC_Uart.o [1]
uart0_rx_flag           0x1000486c     0x1  Data  Gb  LPC_Uart.o [1]
uart0_rx_handler        0x100047f4     0x4  Data  Gb  LPC_Uart.o [1]
uart0_tx_buff           0x1000338c   0x400  Data  Gb  LPC_Uart.o [1]
uart0_tx_count          0x10004804     0x4  Data  Gb  LPC_Uart.o [1]
uart0_tx_flag           0x1000486d     0x1  Data  Gb  LPC_Uart.o [1]
uart0_tx_len            0x10004808     0x4  Data  Gb  LPC_Uart.o [1]
uart1_rx_buff           0x1000378c   0x400  Data  Gb  LPC_Uart.o [1]
uart1_rx_count          0x1000480c     0x4  Data  Gb  LPC_Uart.o [1]
uart1_rx_error_flag     0x10004810     0x4  Data  Gb  LPC_Uart.o [1]
uart1_rx_flag           0x1000486e     0x1  Data  Gb  LPC_Uart.o [1]
uart1_rx_handler        0x100047f8     0x4  Data  Gb  LPC_Uart.o [1]
uart1_tx_buff           0x10003b8c   0x400  Data  Gb  LPC_Uart.o [1]
uart1_tx_count          0x10004814     0x4  Data  Gb  LPC_Uart.o [1]
uart1_tx_flag           0x1000486f     0x1  Data  Gb  LPC_Uart.o [1]
uart1_tx_len            0x10004818     0x4  Data  Gb  LPC_Uart.o [1]
usBmpButton::Paint()    0x00004f8b    0xba  Code  Gb  usbase.o [1]
usBmpButton::usBmpButton(unsigned char, unsigned short, unsigned short, unsigned short, unsigned char, button_id, int, int)
                        0x00011379    0x34  Code  Gb  ai_test.o [1]
usBmpButton::usBmpButton(unsigned char, unsigned short, unsigned short, unsigned short, unsigned char, button_id, int, int) [internal]
                        0x00010c29    0x50  Code  Gb  ai_test.o [1]
usBmpButton::~usBmpButton()
                        0x00012bc3     0xe  Code  Gb  usbase.o [1]
usBmpButton::~usBmpButton() [deleting]
                        0x00012bb5     0xe  Code  Gb  usbase.o [1]
usBmpButton::~usBmpButton() [internal]
                        0x00011e25    0x1e  Code  Gb  usbase.o [1]
usButton::Click()       0x00004ec9     0xe  Code  Gb  usbase.o [1]
usButton::Enter()       0x00004ebd     0xc  Code  Gb  usbase.o [1]
usButton::Paint()       0x00004da9   0x114  Code  Gb  usbase.o [1]
usButton::usButton(unsigned char, unsigned short, unsigned short, unsigned short, unsigned char, int, int) [internal]
                        0x00010bd9    0x50  Code  Gb  ai_test.o [1]
usButton::usButton(unsigned char, unsigned short, unsigned short, unsigned short, unsigned char, int, int) [subobject]
                        0x000117b1    0x2a  Code  Gb  ai_test.o [1]
usButton::usButton(unsigned char, unsigned short, unsigned short, unsigned short, unsigned char, unsigned char, int, int) [internal]
                        0x00010c79    0x50  Code  Gb  ao_test.o [1]
usButton::usButton(unsigned char, unsigned short, unsigned short, unsigned short, unsigned char, unsigned char, int, int) [subobject]
                        0x000113ad    0x34  Code  Gb  ao_test.o [1]
usButton::~usButton()   0x00012b8b     0xe  Code  Gb  usbase.o [1]
usButton::~usButton() [deleting]
                        0x00012b6f     0xe  Code  Gb  usbase.o [1]
usButton::~usButton() [internal]
                        0x00011e07    0x1e  Code  Gb  usbase.o [1]
usButton::~usButton() [subobject]
                        0x00012b7d     0xe  Code  Gb  usbase.o [1]
usCheckBox::Enter()     0x00005623    0x24  Code  Gb  usbase.o [1]
usCheckBox::Paint()     0x00005647    0xaa  Code  Gb  usbase.o [1]
usCheckBox::setChecked(bool)
                        0x00012043    0x1a  Code  Gb  do_test.o [1]
usCheckBox::usCheckBox(unsigned char, unsigned char, unsigned char, int, int)
                        0x00011f9d    0x1c  Code  Gb  do_test.o [1]
usCheckBox::usCheckBox(unsigned char, unsigned char, unsigned char, int, int) [internal]
                        0x00010e49    0x48  Code  Gb  do_test.o [1]
usCheckBox::~usCheckBox()
                        0x00012bfb     0xe  Code  Gb  usbase.o [1]
usCheckBox::~usCheckBox() [deleting]
                        0x00012bed     0xe  Code  Gb  usbase.o [1]
usCheckBox::~usCheckBox() [internal]
                        0x00011e61    0x1e  Code  Gb  usbase.o [1]
usControl::Enter()      0x0001323b     0x2  Code  Gb  ai_test.o [1]
usControl::Focus()      0x0001323d     0x2  Code  Gb  ai_test.o [1]
usControl::setFocused(bool)
                        0x000118cd    0x28  Code  Gb  usbase.o [1]
usControl::usControl(unsigned char, unsigned char, unsigned char, unsigned char, unsigned char) [internal]
                        0x000111f1    0x3c  Code  Gb  ai_test.o [1]
usControl::usControl(unsigned char, unsigned char, unsigned char, unsigned char, unsigned char) [subobject]
                        0x00011b8d    0x20  Code  Gb  ai_test.o [1]
usControl::~usControl()
                        0x00012931     0xe  Code  Gb  ai_test.o [1]
usControl::~usControl() [deleting]
                        0x00012923     0xe  Code  Gb  ai_test.o [1]
usControl::~usControl() [internal]
                        0x00011beb    0x1e  Code  Gb  ai_test.o [1]
usControl::~usControl() [subobject]
                        0x00012b45     0xe  Code  Gb  usbase.o [1]
usCursor::ClearCursor()
                        0x00004693    0x20  Code  Gb  usbase.o [1]
usCursor::DrawCursor()  0x0000467b    0x18  Code  Gb  usbase.o [1]
usCursor::Hide()        0x000128a1    0x10  Code  Gb  usbase.o [1]
usCursor::Paint()       0x00004709    0x20  Code  Gb  usbase.o [1]
usCursor::Process()     0x000046b3    0x56  Code  Gb  usbase.o [1]
usCursor::Show()        0x0001319f     0x6  Code  Gb  usbase.o [1]
usCursor::getXCoord()   0x0001321b     0x4  Code  Gb  usbase.o [1]
usCursor::getYCoord()   0x0001321f     0x4  Code  Gb  usbase.o [1]
usCursor::setCoord(char, char)
                        0x00013199     0x6  Code  Gb  usbase.o [1]
usCursor::usCursor()    0x00012f65     0xc  Code  Gb  usbase.o [1]
usCursor::usCursor() [internal]
                        0x00011855    0x28  Code  Gb  usbase.o [1]
usCursor::~usCursor()   0x00012b37     0xe  Code  Gb  usbase.o [1]
usCursor::~usCursor() [deleting]
                        0x00012b29     0xe  Code  Gb  usbase.o [1]
usCursor::~usCursor() [internal]
                        0x00011de9    0x1e  Code  Gb  usbase.o [1]
usEditor::CursorLeft()  0x00005557    0x18  Code  Gb  usbase.o [1]
usEditor::CursorRight()
                        0x00005531    0x26  Code  Gb  usbase.o [1]
usEditor::CursorUpdate()
                        0x0000540d    0x56  Code  Gb  usbase.o [1]
usEditor::DecreaseValue(char)
                        0x000055c9    0x5a  Code  Gb  usbase.o [1]
usEditor::Enter()       0x00005463     0xc  Code  Gb  usbase.o [1]
usEditor::IncreaseValue(char)
                        0x0000556f    0x5a  Code  Gb  usbase.o [1]
usEditor::InsertChar(char)
                        0x0000538d    0x66  Code  Gb  usbase.o [1]
usEditor::Paint()       0x00005097    0x96  Code  Gb  usbase.o [1]
usEditor::Process()     0x0000512d   0x250  Code  Gb  usbase.o [1]
usEditor::Update()      0x000053f3    0x14  Code  Gb  usbase.o [1]
usEditor::getValue()    0x0000546f    0x32  Code  Gb  usbase.o [1]
usEditor::setMode(editor_mode)
                        0x0000552d     0x4  Code  Gb  usbase.o [1]
usEditor::setTag(int)   0x000054ed    0x40  Code  Gb  usbase.o [1]
usEditor::setValue(T_VAR)
                        0x000054a1    0x46  Code  Gb  usbase.o [1]
usEditor::usEditor(unsigned char, unsigned char, unsigned char, unsigned char, unsigned char)
                        0x0000460b    0x20  Code  Gb  usbase.o [1]
usEditor::usEditor(unsigned char, unsigned char, unsigned char, unsigned char, unsigned char) [internal]
                        0x00005045    0x52  Code  Gb  usbase.o [1]
usEditor::~usEditor()   0x00012bdf     0xe  Code  Gb  usbase.o [1]
usEditor::~usEditor() [deleting]
                        0x00012bd1     0xe  Code  Gb  usbase.o [1]
usEditor::~usEditor() [internal]
                        0x00011e43    0x1e  Code  Gb  usbase.o [1]
usFsm::getState()       0x000131d3     0x4  Code  Gb  ai_test.o [1]
usFsm::setState(unsigned short)
                        0x000131cf     0x4  Code  Gb  ai_test.o [1]
usFsm::usFsm(unsigned short) [internal]
                        0x00013171     0x8  Code  Gb  ai_test.o [1]
usFsm::usFsm(unsigned short) [subobject]
                        0x000128cf     0xe  Code  Gb  ai_test.o [1]
usFsm::~usFsm() [internal]
                        0x00012367    0x16  Code  Gb  ai_test.o [1]
usFsm::~usFsm() [subobject]
                        0x000128dd     0xe  Code  Gb  ai_test.o [1]
usGraphic::Paint()      0x00013237     0x2  Code  Gb  ai_test.o [1]
usGraphic::Process()    0x00013239     0x2  Code  Gb  ai_test.o [1]
usGraphic::Update()     0x00012915     0xe  Code  Gb  ai_test.o [1]
usGraphic::usGraphic(unsigned char, unsigned char, unsigned char, unsigned char) [internal]
                        0x00011475    0x30  Code  Gb  ai_test.o [1]
usGraphic::usGraphic(unsigned char, unsigned char, unsigned char, unsigned char) [subobject]
                        0x00012029    0x1a  Code  Gb  ai_test.o [1]
usGraphic::~usGraphic()
                        0x00012907     0xe  Code  Gb  ai_test.o [1]
usGraphic::~usGraphic() [deleting]
                        0x000128eb     0xe  Code  Gb  ai_test.o [1]
usGraphic::~usGraphic() [internal]
                        0x00011bcd    0x1e  Code  Gb  ai_test.o [1]
usGraphic::~usGraphic() [subobject]
                        0x000128f9     0xe  Code  Gb  ai_test.o [1]
usScreen::ActivateFocusedControl()
                        0x00004c3b    0x16  Code  Gb  usbase.o [1]
usScreen::Activated(unsigned long *)
                        0x00004c01    0x3a  Code  Gb  usbase.o [1]
usScreen::ActiveLoop()  0x00004c95    0xae  Code  Gb  usbase.o [1]
usScreen::AddControl(usControl *)
                        0x00004961    0x14  Code  Gb  usbase.o [1]
usScreen::ChildDeactivated(unsigned char)
                        0x0001323f     0x2  Code  Gb  ai_test.o [1]
usScreen::ChildScreenActivate(unsigned char)
                        0x00004da3     0x6  Code  Gb  usbase.o [1]
usScreen::Deactivate()  0x00004d91    0x12  Code  Gb  usbase.o [1]
usScreen::DecFocus()    0x000049e3    0x28  Code  Gb  usbase.o [1]
usScreen::DecSecondaryOrder()
                        0x00004ac5    0xb0  Code  Gb  usbase.o [1]
usScreen::GetScrId()    0x00013223     0x4  Code  Gb  usbase.o [1]
usScreen::IncFocus()    0x000049b9    0x2a  Code  Gb  usbase.o [1]
usScreen::IncSecondaryOrder()
                        0x00004a0b    0xba  Code  Gb  usbase.o [1]
usScreen::Paint()       0x00004975    0x44  Code  Gb  usbase.o [1]
usScreen::PlaceControls()
                        0x00004c51     0x2  Code  Gb  usbase.o [1]
usScreen::Process()     0x00004d43    0x4e  Code  Gb  usbase.o [1]
usScreen::RemoveControls()
                        0x00004c53    0x42  Code  Gb  usbase.o [1]
usScreen::SetFocus(unsigned char)
                        0x000131d7     0x4  Code  Gb  editor_scr.o [1]
usScreen::Update()      0x00004b75    0x8c  Code  Gb  usbase.o [1]
usScreen::usScreen(unsigned char, int, bool, bool) [internal]
                        0x00004877    0x6e  Code  Gb  usbase.o [1]
usScreen::usScreen(unsigned char, int, bool, bool) [subobject]
                        0x000045c9    0x18  Code  Gb  usbase.o [1]
usScreen::~usScreen()   0x000045ef     0xe  Code  Gb  usbase.o [1]
usScreen::~usScreen() [deleting]
                        0x000045fd     0xe  Code  Gb  usbase.o [1]
usScreen::~usScreen() [internal]
                        0x000048e5    0x7c  Code  Gb  usbase.o [1]
usScreen::~usScreen() [subobject]
                        0x000045e1     0xe  Code  Gb  usbase.o [1]
usScreenList::AddScreen(usScreen *)
                        0x00004785    0x52  Code  Gb  usbase.o [1]
usScreenList::Process()
                        0x000047d7    0xa0  Code  Gb  usbase.o [1]
usScreenList::RemoveScreen(int)
                        0x0000476d    0x18  Code  Gb  usbase.o [1]
usScreenList::RemoveScreens()
                        0x00004729    0x44  Code  Gb  usbase.o [1]
usScreenList::usScreenList()
                        0x00012f71     0xc  Code  Gb  usbase.o [1]
usScreenList::usScreenList() [internal]
                        0x00012231    0x18  Code  Gb  usbase.o [1]
usScreenList::~usScreenList()
                        0x00012b61     0xe  Code  Gb  usbase.o [1]
usScreenList::~usScreenList() [deleting]
                        0x00012b53     0xe  Code  Gb  usbase.o [1]
usScreenList::~usScreenList() [internal]
                        0x0001187d    0x28  Code  Gb  usbase.o [1]
usSystemInit()          0x0000463b    0x40  Code  Gb  usbase.o [1]
usTextButton::Paint()   0x00004ed7    0xb4  Code  Gb  usbase.o [1]
usTextButton::usTextButton(unsigned char, unsigned short, unsigned short, unsigned short, unsigned char, const char *, int, int)
                        0x000113e1    0x32  Code  Gb  editor_scr.o [1]
usTextButton::usTextButton(unsigned char, unsigned short, unsigned short, unsigned short, unsigned char, const char *, int, int) [internal]
                        0x00010a81    0x58  Code  Gb  editor_scr.o [1]
usTextButton::usTextButton(unsigned char, unsigned short, unsigned short, unsigned short, unsigned char, const char *, unsigned char, int, int)
                        0x0001122d    0x3c  Code  Gb  ao_test.o [1]
usTextButton::usTextButton(unsigned char, unsigned short, unsigned short, unsigned short, unsigned char, const char *, unsigned char, int, int) [internal]
                        0x000103f5    0x5c  Code  Gb  ao_test.o [1]
usTextButton::~usTextButton()
                        0x00012ba7     0xe  Code  Gb  usbase.o [1]
usTextButton::~usTextButton() [deleting]
                        0x00012b99     0xe  Code  Gb  usbase.o [1]
usTextButton::~usTextButton() [internal]
                        0x000114a5    0x30  Code  Gb  usbase.o [1]
video_buff              0x10003f8c   0x400  Data  Gb  lcd.o [1]
write_multiple_data     0x10002b84   0x408  Data  Gb  modbus.o [1]


[1] = C:\Users\V\Desktop\G_proj\1768\Flash Debug\Obj
[2] = command line
[3] = dl7M_tl_in.a
[4] = rt7M_tl.a
[5] = shb_l.a

  58 380 bytes of readonly  code memory
  20 124 bytes of readonly  data memory
  18 569 bytes of readwrite data memory

Errors: none
Warnings: none
